Component: ARM Compiler 6.16 Tool: armlink [5dfea300]

==============================================================================

Memory Map of the image

  Image Entry point : 0x08000195

  Load Region LR_IROM1 (Base: 0x08000000, Size: 0x00022d2c, Max: 0x00080000, ABSOLUTE, COMPRESSED[0x00022bd4])

    Execution Region ER_IROM1 (Base: 0x08000000, Size: 0x00022b44, Max: 0x00080000, ABSOLUTE)

    Base Addr    Size         Type   Attr      Idx    E Section Name        Object

    0x08000000   0x00000194   Data   RO        26191    RESET               BUILD/NUCLEO_F401RE/ARMC6/mbed-os/targets/TARGET_STM/TARGET_STM32F4/TARGET_STM32F401xE/device/TOOLCHAIN_ARM_STD/startup_stm32f401xe.o
    0x08000194   0x00000008   Code   RO        30255  * !!!main             /Library/Application Support/Mbed Studio/mbed-studio-tools/ac6/bin/../lib/armlib/c_w.l(__main.o)
    0x0800019c   0x00000034   Code   RO        30871    !!!scatter          /Library/Application Support/Mbed Studio/mbed-studio-tools/ac6/bin/../lib/armlib/c_w.l(__scatter.o)
    0x080001d0   0x0000005a   Code   RO        30869    !!dczerorl2         /Library/Application Support/Mbed Studio/mbed-studio-tools/ac6/bin/../lib/armlib/c_w.l(__dczerorl2.o)
    0x0800022a   0x00000002   PAD
    0x0800022c   0x0000001c   Code   RO        30873    !!handler_zi        /Library/Application Support/Mbed Studio/mbed-studio-tools/ac6/bin/../lib/armlib/c_w.l(__scatter_zi.o)
    0x08000248   0x00000000   Code   RO        30121    .ARM.Collect$$_printf_percent$$00000000  /Library/Application Support/Mbed Studio/mbed-studio-tools/ac6/bin/../lib/armlib/c_w.l(_printf_percent.o)
    0x08000248   0x00000006   Code   RO        30113    .ARM.Collect$$_printf_percent$$00000001  /Library/Application Support/Mbed Studio/mbed-studio-tools/ac6/bin/../lib/armlib/c_w.l(_printf_n.o)
    0x0800024e   0x00000006   Code   RO        30115    .ARM.Collect$$_printf_percent$$00000002  /Library/Application Support/Mbed Studio/mbed-studio-tools/ac6/bin/../lib/armlib/c_w.l(_printf_p.o)
    0x08000254   0x00000006   Code   RO        30120    .ARM.Collect$$_printf_percent$$00000003  /Library/Application Support/Mbed Studio/mbed-studio-tools/ac6/bin/../lib/armlib/c_w.l(_printf_f.o)
    0x0800025a   0x00000006   Code   RO        30443    .ARM.Collect$$_printf_percent$$00000004  /Library/Application Support/Mbed Studio/mbed-studio-tools/ac6/bin/../lib/armlib/c_w.l(_printf_e.o)
    0x08000260   0x00000006   Code   RO        30444    .ARM.Collect$$_printf_percent$$00000005  /Library/Application Support/Mbed Studio/mbed-studio-tools/ac6/bin/../lib/armlib/c_w.l(_printf_g.o)
    0x08000266   0x00000006   Code   RO        30445    .ARM.Collect$$_printf_percent$$00000006  /Library/Application Support/Mbed Studio/mbed-studio-tools/ac6/bin/../lib/armlib/c_w.l(_printf_a.o)
    0x0800026c   0x0000000a   Code   RO        30450    .ARM.Collect$$_printf_percent$$00000007  /Library/Application Support/Mbed Studio/mbed-studio-tools/ac6/bin/../lib/armlib/c_w.l(_printf_ll.o)
    0x08000276   0x00000006   Code   RO        30117    .ARM.Collect$$_printf_percent$$00000008  /Library/Application Support/Mbed Studio/mbed-studio-tools/ac6/bin/../lib/armlib/c_w.l(_printf_i.o)
    0x0800027c   0x00000006   Code   RO        30118    .ARM.Collect$$_printf_percent$$00000009  /Library/Application Support/Mbed Studio/mbed-studio-tools/ac6/bin/../lib/armlib/c_w.l(_printf_d.o)
    0x08000282   0x00000006   Code   RO        30119    .ARM.Collect$$_printf_percent$$0000000A  /Library/Application Support/Mbed Studio/mbed-studio-tools/ac6/bin/../lib/armlib/c_w.l(_printf_u.o)
    0x08000288   0x00000006   Code   RO        30116    .ARM.Collect$$_printf_percent$$0000000B  /Library/Application Support/Mbed Studio/mbed-studio-tools/ac6/bin/../lib/armlib/c_w.l(_printf_o.o)
    0x0800028e   0x00000006   Code   RO        30114    .ARM.Collect$$_printf_percent$$0000000C  /Library/Application Support/Mbed Studio/mbed-studio-tools/ac6/bin/../lib/armlib/c_w.l(_printf_x.o)
    0x08000294   0x00000006   Code   RO        30447    .ARM.Collect$$_printf_percent$$0000000D  /Library/Application Support/Mbed Studio/mbed-studio-tools/ac6/bin/../lib/armlib/c_w.l(_printf_lli.o)
    0x0800029a   0x00000006   Code   RO        30448    .ARM.Collect$$_printf_percent$$0000000E  /Library/Application Support/Mbed Studio/mbed-studio-tools/ac6/bin/../lib/armlib/c_w.l(_printf_lld.o)
    0x080002a0   0x00000006   Code   RO        30449    .ARM.Collect$$_printf_percent$$0000000F  /Library/Application Support/Mbed Studio/mbed-studio-tools/ac6/bin/../lib/armlib/c_w.l(_printf_llu.o)
    0x080002a6   0x00000006   Code   RO        30453    .ARM.Collect$$_printf_percent$$00000010  /Library/Application Support/Mbed Studio/mbed-studio-tools/ac6/bin/../lib/armlib/c_w.l(_printf_llo.o)
    0x080002ac   0x00000006   Code   RO        30454    .ARM.Collect$$_printf_percent$$00000011  /Library/Application Support/Mbed Studio/mbed-studio-tools/ac6/bin/../lib/armlib/c_w.l(_printf_llx.o)
[...]
    0x08020b98   0x00000054   Data   RO        26178    .rodata.PinMap_SPI_MISO  BUILD/NUCLEO_F401RE/ARMC6/mbed-os/targets/TARGET_STM/TARGET_STM32F4/TARGET_STM32F401xE/TARGET_NUCLEO_F401RE/PeripheralPins.o
    0x08020bec   0x00000054   Data   RO        26177    .rodata.PinMap_SPI_MOSI  BUILD/NUCLEO_F401RE/ARMC6/mbed-os/targets/TARGET_STM/TARGET_STM32F4/TARGET_STM32F401xE/TARGET_NUCLEO_F401RE/PeripheralPins.o
    0x08020c40   0x00000054   Data   RO        26179    .rodata.PinMap_SPI_SCLK  BUILD/NUCLEO_F401RE/ARMC6/mbed-os/targets/TARGET_STM/TARGET_STM32F4/TARGET_STM32F401xE/TARGET_NUCLEO_F401RE/PeripheralPins.o
    0x08020c94   0x00000054   Data   RO        26180    .rodata.PinMap_SPI_SSEL  BUILD/NUCLEO_F401RE/ARMC6/mbed-os/targets/TARGET_STM/TARGET_STM32F4/TARGET_STM32F401xE/TARGET_NUCLEO_F401RE/PeripheralPins.o
    0x08020ce8   0x00000048   Data   RO        26174    .rodata.PinMap_UART_RX  BUILD/NUCLEO_F401RE/ARMC6/mbed-os/targets/TARGET_STM/TARGET_STM32F4/TARGET_STM32F401xE/TARGET_NUCLEO_F401RE/PeripheralPins.o
    0x08020d30   0x00000048   Data   RO        26173    .rodata.PinMap_UART_TX  BUILD/NUCLEO_F401RE/ARMC6/mbed-os/targets/TARGET_STM/TARGET_STM32F4/TARGET_STM32F401xE/TARGET_NUCLEO_F401RE/PeripheralPins.o
    0x08020d78   0x0000000a   Data   RO        29912    .rodata._ZL11DEVICE_NAME  BUILD/NUCLEO_F401RE/ARMC6/source/main.o
    0x08020d82   0x00000002   PAD
    0x08020d84   0x00000024   Data   RO        24505    .rodata._ZL12lp_interface  BUILD/NUCLEO_F401RE/ARMC6/mbed-os/hal/mbed_lp_ticker_wrapper.o
    0x08020da8   0x00000001   Data   RO         2452    .rodata._ZN3bleL25LEGACY_ADVERTISING_HANDLEE  BUILD/NUCLEO_F401RE/ARMC6/mbed-os/features/FEATURE_BLE/targets/TARGET_CORDIO/source/CordioImplementations.o
    0x08020da9   0x00000001   Data   RO        30346    .rodata._ZSt7nothrow  /Library/Application Support/Mbed Studio/mbed-studio-tools/ac6/bin/../lib/libcxx/libcpp_w.l(new.cpp.o)
    0x08020daa   0x00000002   PAD
    0x08020dac   0x0000005c   Data   RO        25224    .rodata._ZTV12DirectSerial  BUILD/NUCLEO_F401RE/ARMC6/mbed-os/platform/mbed_retarget.o
    0x08020e08   0x00000010   Data   RO         4185    .rodata._ZTV38CallChainOfFunctionPointersWithContextIN3ble9interface9LegacyGapINS0_7generic10GenericGapINS0_3pal6vendor6cordio3GapENS5_15SecurityManagerINS7_21CordioSecurityManagerINS3_22GenericSecurityManagerISA_NS0_6vendor6cordio19SigningEventMonitorEEEEESF_EESF_EEE15TimeoutSource_tEE  BUILD/NUCLEO_F401RE/ARMC6/mbed-os/features/FEATURE_BLE/targets/TARGET_CORDIO/source/CordioImplementations.o
    0x08020e18   0x00000010   Data   RO         2254    .rodata._ZTV38CallChainOfFunctionPointersWithContextIPK21GattHVXCallbackParamsE  BUILD/NUCLEO_F401RE/ARMC6/mbed-os/features/FEATURE_BLE/targets/TARGET_CORDIO/source/CordioBLE.o
    0x08020e28   0x00000010   Data   RO         2256    .rodata._ZTV38CallChainOfFunctionPointersWithContextIPK22GattReadCallbackParamsE  BUILD/NUCLEO_F401RE/ARMC6/mbed-os/features/FEATURE_BLE/targets/TARGET_CORDIO/source/CordioBLE.o
    0x08020e38   0x00000010   Data   RO         2255    .rodata._ZTV38CallChainOfFunctionPointersWithContextIPK23GattWriteCallbackParamsE  BUILD/NUCLEO_F401RE/ARMC6/mbed-os/features/FEATURE_BLE/targets/TARGET_CORDIO/source/CordioBLE.o
    0x08020e48   0x00000010   Data   RO         2253    .rodata._ZTV38CallChainOfFunctionPointersWithContextIPKN3ble9interface10GattClientINS0_7generic17GenericGattClientINS0_3pal6vendor6cordio16CordioGattClientENS3_22GenericSecurityManagerINS7_21CordioSecurityManagerENS0_6vendor6cordio19SigningEventMonitorEEEEEEEE  BUILD/NUCLEO_F401RE/ARMC6/mbed-os/features/FEATURE_BLE/targets/TARGET_CORDIO/source/CordioBLE.o
    0x08020e58   0x00000010   Data   RO         2434    .rodata._ZTV38CallChainOfFunctionPointersWithContextIPKN3ble9interface10GattServerINS0_6vendor6cordio10GattServerEEEE  BUILD/NUCLEO_F401RE/ARMC6/mbed-os/features/FEATURE_BLE/targets/TARGET_CORDIO/source/CordioGattServer.o
    0x08020e68   0x00000010   Data   RO         2262    .rodata._ZTV38CallChainOfFunctionPointersWithContextIPKN3ble9interface15SecurityManagerINS0_7generic22GenericSecurityManagerINS0_3pal6vendor6cordio21CordioSecurityManagerENS0_6vendor6cordio19SigningEventMonitorEEEEEE  BUILD/NUCLEO_F401RE/ARMC6/mbed-os/features/FEATURE_BLE/targets/TARGET_CORDIO/source/CordioBLE.o
    0x08020e78   0x00000010   Data   RO         4184    .rodata._ZTV38CallChainOfFunctionPointersWithContextIPKN3ble9interface9LegacyGapINS0_7generic10GenericGapINS0_3pal6vendor6cordio3GapENS5_15SecurityManagerINS7_21CordioSecurityManagerINS3_22GenericSecurityManagerISA_NS0_6vendor6cordio19SigningEventMonitorEEEEESF_EESF_EEE26ConnectionCallbackParams_tEE  BUILD/NUCLEO_F401RE/ARMC6/mbed-os/features/FEATURE_BLE/targets/TARGET_CORDIO/source/CordioImplementations.o
    0x08020e88   0x00000010   Data   RO         4183    .rodata._ZTV38CallChainOfFunctionPointersWithContextIPKN3ble9interface9LegacyGapINS0_7generic10GenericGapINS0_3pal6vendor6cordio3GapENS5_15SecurityManagerINS7_21CordioSecurityManagerINS3_22GenericSecurityManagerISA_NS0_6vendor6cordio19SigningEventMonitorEEEEESF_EESF_EEE29DisconnectionCallbackParams_tEE  BUILD/NUCLEO_F401RE/ARMC6/mbed-os/features/FEATURE_BLE/targets/TARGET_CORDIO/source/CordioImplementations.o
    0x08020e98   0x00000010   Data   RO         4182    .rodata._ZTV38CallChainOfFunctionPointersWithContextIPKN3ble9interface9LegacyGapINS0_7generic10GenericGapINS0_3pal6vendor6cordio3GapENS5_15SecurityManagerINS7_21CordioSecurityManagerINS3_22GenericSecurityManagerISA_NS0_6vendor6cordio19SigningEventMonitorEEEEESF_EESF_EEEEE  BUILD/NUCLEO_F401RE/ARMC6/mbed-os/features/FEATURE_BLE/targets/TARGET_CORDIO/source/CordioImplementations.o
    0x08020ea8   0x00000010   Data   RO         2435    .rodata._ZTV38CallChainOfFunctionPointersWithContextIjE  BUILD/NUCLEO_F401RE/ARMC6/mbed-os/features/FEATURE_BLE/targets/TARGET_CORDIO/source/CordioGattServer.o
    0x08020eb8   0x00000040   Data   RO        29938    .rodata._ZTV6RGBApp  BUILD/NUCLEO_F401RE/ARMC6/source/main.o
    0x08020ef8   0x00000018   Data   RO         4307    .rodata._ZTVN3ble3pal27SimpleAttReadByTypeResponseE  BUILD/NUCLEO_F401RE/ARMC6/mbed-os/features/FEATURE_BLE/targets/TARGET_CORDIO/source/CordioPalAttClient.o
    0x08020f10   0x00000018   Data   RO         4306    .rodata._ZTVN3ble3pal32SimpleAttFindByTypeValueResponseE  BUILD/NUCLEO_F401RE/ARMC6/mbed-os/features/FEATURE_BLE/targets/TARGET_CORDIO/source/CordioPalAttClient.o
    0x08020f28   0x00000018   Data   RO         4305    .rodata._ZTVN3ble3pal32SimpleAttFindInformationResponseE  BUILD/NUCLEO_F401RE/ARMC6/mbed-os/features/FEATURE_BLE/targets/TARGET_CORDIO/source/CordioPalAttClient.o
    0x08020f40   0x00000018   Data   RO         4308    .rodata._ZTVN3ble3pal32SimpleAttReadByGroupTypeResponseE  BUILD/NUCLEO_F401RE/ARMC6/mbed-os/features/FEATURE_BLE/targets/TARGET_CORDIO/source/CordioPalAttClient.o
    0x08020f58   0x0000002c   Data   RO         2252    .rodata._ZTVN3ble3pal6vendor6cordio20GenericAccessServiceE  BUILD/NUCLEO_F401RE/ARMC6/mbed-os/features/FEATURE_BLE/targets/TARGET_CORDIO/source/CordioBLE.o
    0x08020f84   0x00000014   Data   RO         4168    .rodata._ZTVN3ble3pal6vendor6cordio21CordioSecurityManagerINS_7generic22GenericSecurityManagerIS3_NS_6vendor6cordio19SigningEventMonitorEEEE34PrivacyAddDevToResListControlBlockE  BUILD/NUCLEO_F401RE/ARMC6/mbed-os/features/FEATURE_BLE/targets/TARGET_CORDIO/source/CordioImplementations.o
    0x08020f98   0x00000018   Data   RO         4174    .rodata._ZTVN3ble3pal6vendor6cordio3GapINS_7generic10GenericGapIS3_NS0_15SecurityManagerINS2_21CordioSecurityManagerINS4_22GenericSecurityManagerIS7_NS_6vendor6cordio19SigningEventMonitorEEEEESC_EESC_EEE36GapAdvertisingReportMessageConverter31CordioGapAdvertisingReportEventE  BUILD/NUCLEO_F401RE/ARMC6/mbed-os/features/FEATURE_BLE/targets/TARGET_CORDIO/source/CordioImplementations.o
    0x08020fb0   0x0000002c   Data   RO         2006    .rodata._ZTVN3ble6vendor6cordio15CordioHCIDriverE  BUILD/NUCLEO_F401RE/ARMC6/mbed-os/features/FEATURE_BLE/targets/TARGET_CORDIO/driver/CordioHCIDriver.o
    0x08020fdc   0x0000000c   Data   RO         2251    .rodata._ZTVN3ble6vendor6cordio16SimpleEventQueueE  BUILD/NUCLEO_F401RE/ARMC6/mbed-os/features/FEATURE_BLE/targets/TARGET_CORDIO/source/CordioBLE.o
    0x08020fe8   0x00000044   Data   RO         2114    .rodata._ZTVN3ble6vendor6cordio3BLEE  BUILD/NUCLEO_F401RE/ARMC6/mbed-os/features/FEATURE_BLE/targets/TARGET_CORDIO/source/CordioBLE.o
    0x0802102c   0x0000001c   Data   RO        29883    .rodata._ZTVN3ble6vendor7bluenrg15TransportDriverE  BUILD/NUCLEO_F401RE/ARMC6/shields/TARGET_CORDIO_BLUENRG/BlueNrgHCIDriver.o
    0x08021048   0x0000002c   Data   RO        29887    .rodata._ZTVN3ble6vendor7bluenrg9HCIDriverE  BUILD/NUCLEO_F401RE/ARMC6/shields/TARGET_CORDIO_BLUENRG/BlueNrgHCIDriver.o
    0x08021074   0x00000040   Data   RO         2263    .rodata._ZTVN3ble9interface15SecurityManagerINS_7generic22GenericSecurityManagerINS_3pal6vendor6cordio21CordioSecurityManagerENS_6vendor6cordio19SigningEventMonitorEEEE18LegacyEventHandlerE  BUILD/NUCLEO_F401RE/ARMC6/mbed-os/features/FEATURE_BLE/targets/TARGET_CORDIO/source/CordioBLE.o
    0x080210b4   0x00000014   Data   RO         1351    .rodata._ZTVN4mbed10TimerEventE  BUILD/NUCLEO_F401RE/ARMC6/mbed-os/drivers/TimerEvent.o
    0x080210c8   0x00000010   Data   RO          951    .rodata._ZTVN4mbed11InterruptInE  BUILD/NUCLEO_F401RE/ARMC6/mbed-os/drivers/InterruptIn.o
    0x080210d8   0x00000014   Data   RO         4181    .rodata._ZTVN4mbed14LowPowerTickerE  BUILD/NUCLEO_F401RE/ARMC6/mbed-os/features/FEATURE_BLE/targets/TARGET_CORDIO/source/CordioImplementations.o
    0x080210ec   0x00000014   Data   RO         2259    .rodata._ZTVN4mbed15LowPowerTimeoutE  BUILD/NUCLEO_F401RE/ARMC6/mbed-os/features/FEATURE_BLE/targets/TARGET_CORDIO/source/CordioBLE.o
    0x08021100   0x00000018   Data   RO          896    .rodata._ZTVN4mbed3I2CE  BUILD/NUCLEO_F401RE/ARMC6/mbed-os/drivers/I2C.o
    0x08021118   0x00000020   Data   RO         1134    .rodata._ZTVN4mbed3SPIE  BUILD/NUCLEO_F401RE/ARMC6/mbed-os/drivers/SPI.o
    0x08021138   0x00000014   Data   RO         1295    .rodata._ZTVN4mbed6TickerE  BUILD/NUCLEO_F401RE/ARMC6/mbed-os/drivers/Ticker.o
    0x0802114c   0x00000014   Data   RO         1302    .rodata._ZTVN4mbed7TimeoutE  BUILD/NUCLEO_F401RE/ARMC6/mbed-os/drivers/Timeout.o
    0x08021160   0x00000010   Data   RO        26165    .rodata._ZTVN4rtos6ThreadE  BUILD/NUCLEO_F401RE/ARMC6/mbed-os/rtos/Thread.o
    0x08021170   0x00000018   Data   RO         4173    .rodata._ZZN3ble3pal6vendor6cordio3GapINS_7generic10GenericGapIS3_NS0_15SecurityManagerINS2_21CordioSecurityManagerINS4_22GenericSecurityManagerIS7_NS_6vendor6cordio19SigningEventMonitorEEEEESC_EESC_EEE11gap_handlerEPK11wsfMsgHdr_tE8handlers  BUILD/NUCLEO_F401RE/ARMC6/mbed-os/features/FEATURE_BLE/targets/TARGET_CORDIO/source/CordioImplementations.o
    0x08021188   0x00000014   Data   RO         2008    .rodata._ZZN3ble6vendor6cordio15CordioHCIDriver35get_default_buffer_pool_descriptionEvE9pool_desc  BUILD/NUCLEO_F401RE/ARMC6/mbed-os/features/FEATURE_BLE/targets/TARGET_CORDIO/driver/CordioHCIDriver.o
    0x0802119c   0x0000000f   Data   RO         2119    .rodata._ZZN3ble6vendor6cordio3BLE10getVersionEvE7version  BUILD/NUCLEO_F401RE/ARMC6/mbed-os/features/FEATURE_BLE/targets/TARGET_CORDIO/source/CordioBLE.o
    0x080211ab   0x00000005   Data   RO        29885    .rodata._ZZN3ble6vendor7bluenrg15TransportDriver7spiReadEPhtE13header_master  BUILD/NUCLEO_F401RE/ARMC6/shields/TARGET_CORDIO_BLUENRG/BlueNrgHCIDriver.o
    0x080211b0   0x00000005   Data   RO        29886    .rodata._ZZN3ble6vendor7bluenrg15TransportDriver8spiWriteEhPKhtE13header_master  BUILD/NUCLEO_F401RE/ARMC6/shields/TARGET_CORDIO_BLUENRG/BlueNrgHCIDriver.o
    0x080211b5   0x00000003   PAD
    0x080211b8   0x0000000c   Data   RO         4191    .rodata._ZZN4mbed8CallbackIFvPvPKN3ble7generic19SecurityEntryKeys_tEEE8generateINS8_14method_contextINS3_22GenericSecurityManagerINS2_3pal6vendor6cordio21CordioSecurityManagerENS2_6vendor6cordio19SigningEventMonitorEEEMSJ_FvS1_S6_EEEEEvRKT_E3ops  BUILD/NUCLEO_F401RE/ARMC6/mbed-os/features/FEATURE_BLE/targets/TARGET_CORDIO/source/CordioImplementations.o
    0x080211c4   0x0000000c   Data   RO         4189    .rodata._ZZN4mbed8CallbackIFvPvPKN3ble7generic22SecurityEntrySigning_tEEE8generateINS8_14method_contextINS3_22GenericSecurityManagerINS2_3pal6vendor6cordio21CordioSecurityManagerENS2_6vendor6cordio19SigningEventMonitorEEEMSJ_FvS1_S6_EEEEEvRKT_E3ops  BUILD/NUCLEO_F401RE/ARMC6/mbed-os/features/FEATURE_BLE/targets/TARGET_CORDIO/source/CordioImplementations.o
    0x080211d0   0x0000000c   Data   RO         4192    .rodata._ZZN4mbed8CallbackIFvPvPKN3ble7generic23SecurityEntryIdentity_tEEE8generateINS8_14method_contextINS3_22GenericSecurityManagerINS2_3pal6vendor6cordio21CordioSecurityManagerENS2_6vendor6cordio19SigningEventMonitorEEEMSJ_FvS1_S6_EEEEEvRKT_E3ops  BUILD/NUCLEO_F401RE/ARMC6/mbed-os/features/FEATURE_BLE/targets/TARGET_CORDIO/source/CordioImplementations.o
    0x080211dc   0x0000000c   Data   RO         4193    .rodata._ZZN4mbed8CallbackIFvRKN3ble3pal8GapEventEEE8generateINS7_14method_contextINS1_7generic10GenericGapINS2_6vendor6cordio3GapENS2_15SecurityManagerINSD_21CordioSecurityManagerINSA_22GenericSecurityManagerISG_NS1_6vendor6cordio19SigningEventMonitorEEEEESL_EESL_EEMSO_FvS5_EEEEEvRKT_E3ops  BUILD/NUCLEO_F401RE/ARMC6/mbed-os/features/FEATURE_BLE/targets/TARGET_CORDIO/source/CordioImplementations.o
    0x080211e8   0x0000000c   Data   RO         2261    .rodata._ZZN4mbed8CallbackIFvjEE8generateINS2_14method_contextIN3ble3pal10GattClientINS6_28AttClientToGattClientAdapterINS6_6vendor6cordio15CordioAttClientENS5_7generic17GenericGattClientINSA_16CordioGattClientENSC_22GenericSecurityManagerINSA_21CordioSecurityManagerENS5_6vendor6cordio19SigningEventMonitorEEEEEEESL_EEMSN_FvjEEEEEvRKT_E3ops  BUILD/NUCLEO_F401RE/ARMC6/mbed-os/features/FEATURE_BLE/targets/TARGET_CORDIO/source/CordioBLE.o
    0x080211f4   0x0000000c   Data   RO         4187    .rodata._ZZN4mbed8CallbackIFvjEE8generateINS2_14method_contextIN3ble7generic17GenericGattClientINS5_3pal6vendor6cordio16CordioGattClientENS6_22GenericSecurityManagerINSA_21CordioSecurityManagerENS5_6vendor6cordio19SigningEventMonitorEEEEEMSI_FvjEEEEEvRKT_E3ops  BUILD/NUCLEO_F401RE/ARMC6/mbed-os/features/FEATURE_BLE/targets/TARGET_CORDIO/source/CordioImplementations.o
    0x08021200   0x0000000c   Data   RO         4186    .rodata._ZZN4mbed8CallbackIFvjRKN3ble3pal16AttServerMessageEEE8generateINS7_14method_contextINS1_7generic17GenericGattClientINS2_6vendor6cordio16CordioGattClientENSA_22GenericSecurityManagerINSD_21CordioSecurityManagerENS1_6vendor6cordio19SigningEventMonitorEEEEEMSL_FvjS5_EEEEEvRKT_E3ops  BUILD/NUCLEO_F401RE/ARMC6/mbed-os/features/FEATURE_BLE/targets/TARGET_CORDIO/source/CordioImplementations.o
    0x0802120c   0x0000000c   Data   RO         2260    .rodata._ZZN4mbed8CallbackIFvjRKN3ble3pal16AttServerMessageEEE8generateINS7_14method_contextINS2_10GattClientINS2_28AttClientToGattClientAdapterINS2_6vendor6cordio15CordioAttClientENS1_7generic17GenericGattClientINSD_16CordioGattClientENSF_22GenericSecurityManagerINSD_21CordioSecurityManagerENS1_6vendor6cordio19SigningEventMonitorEEEEEEESO_EEMSQ_FvjS5_EEEEEvRKT_E3ops  BUILD/NUCLEO_F401RE/ARMC6/mbed-os/features/FEATURE_BLE/targets/TARGET_CORDIO/source/CordioBLE.o
    0x08021218   0x0000000c   Data   RO        24437    .rodata._ZZN4mbed8CallbackIFvvEE8generateINS2_14method_contextI21LowPowerTickerWrapperMS5_FvvEEEEEvRKT_E3ops  BUILD/NUCLEO_F401RE/ARMC6/mbed-os/hal/LowPowerTickerWrapper.o
    0x08021224   0x0000000c   Data   RO        29939    .rodata._ZZN4mbed8CallbackIFvvEE8generateINS2_14method_contextI3BLEMS5_FvvEEEEEvRKT_E3ops  BUILD/NUCLEO_F401RE/ARMC6/source/main.o
    0x08021230   0x0000000c   Data   RO           58    .rodata._ZZN4mbed8CallbackIFvvEE8generateINS2_14method_contextI8ISL29125MS5_FvvEEEEEvRKT_E3ops  BUILD/NUCLEO_F401RE/ARMC6/ISL29125/ISL29125.o
    0x0802123c   0x0000000c   Data   RO        29884    .rodata._ZZN4mbed8CallbackIFvvEE8generateINS2_14method_contextIN3ble6vendor7bluenrg15TransportDriverEMS8_FvvEEEEEvRKT_E3ops  BUILD/NUCLEO_F401RE/ARMC6/shields/TARGET_CORDIO_BLUENRG/BlueNrgHCIDriver.o
    0x08021248   0x0000000c   Data   RO         4194    .rodata._ZZN4mbed8CallbackIFvvEE8generateINS2_14method_contextIN3ble7generic10GenericGapINS5_3pal6vendor6cordio3GapENS8_15SecurityManagerINSA_21CordioSecurityManagerINS6_22GenericSecurityManagerISD_NS5_6vendor6cordio19SigningEventMonitorEEEEESI_EESI_EEMSL_FvvEEEEEvRKT_E3ops  BUILD/NUCLEO_F401RE/ARMC6/mbed-os/features/FEATURE_BLE/targets/TARGET_CORDIO/source/CordioImplementations.o
    0x08021254   0x0000000c   Data   RO           57    .rodata._ZZN4mbed8CallbackIFvvEE8generateIPS1_EEvRKT_E3ops  BUILD/NUCLEO_F401RE/ARMC6/ISL29125/ISL29125.o
    0x08021260   0x00000008   Data   RO        25220    .rodata.__stderr_name  BUILD/NUCLEO_F401RE/ARMC6/mbed-os/platform/mbed_retarget.o
    0x08021268   0x00000007   Data   RO        25218    .rodata.__stdin_name  BUILD/NUCLEO_F401RE/ARMC6/mbed-os/platform/mbed_retarget.o
    0x0802126f   0x00000008   Data   RO        25219    .rodata.__stdout_name  BUILD/NUCLEO_F401RE/ARMC6/mbed-os/platform/mbed_retarget.o
    0x08021277   0x00000002   Data   RO         4880    .rodata.attApChUuid  BUILD/NUCLEO_F401RE/ARMC6/mbed-os/features/FEATURE_BLE/targets/TARGET_CORDIO/stack/ble-host/sources/stack/att/att_uuid.o
    0x08021279   0x00000002   Data   RO         4869    .rodata.attChUuid   BUILD/NUCLEO_F401RE/ARMC6/mbed-os/features/FEATURE_BLE/targets/TARGET_CORDIO/stack/ble-host/sources/stack/att/att_uuid.o
    0x0802127b   0x00000002   Data   RO         4872    .rodata.attCliChCfgUuid  BUILD/NUCLEO_F401RE/ARMC6/mbed-os/features/FEATURE_BLE/targets/TARGET_CORDIO/stack/ble-host/sources/stack/att/att_uuid.o
    0x0802127d   0x00000002   Data   RO         4879    .rodata.attDnChUuid  BUILD/NUCLEO_F401RE/ARMC6/mbed-os/features/FEATURE_BLE/targets/TARGET_CORDIO/stack/ble-host/sources/stack/att/att_uuid.o
    0x0802127f   0x00000001   PAD
    0x08021280   0x00000010   Data   RO         4837    .rodata.attFcnDefault  BUILD/NUCLEO_F401RE/ARMC6/mbed-os/features/FEATURE_BLE/targets/TARGET_CORDIO/stack/ble-host/sources/stack/att/att_main.o
    0x08021290   0x00000002   Data   RO         4842    .rodata.attGapSvcUuid  BUILD/NUCLEO_F401RE/ARMC6/mbed-os/features/FEATURE_BLE/targets/TARGET_CORDIO/stack/ble-host/sources/stack/att/att_uuid.o
    0x08021292   0x00000002   Data   RO         4985    .rodata.attGattDbhChUuid  BUILD/NUCLEO_F401RE/ARMC6/mbed-os/features/FEATURE_BLE/targets/TARGET_CORDIO/stack/ble-host/sources/stack/att/att_uuid.o
    0x08021294   0x00000002   Data   RO         4843    .rodata.attGattSvcUuid  BUILD/NUCLEO_F401RE/ARMC6/mbed-os/features/FEATURE_BLE/targets/TARGET_CORDIO/stack/ble-host/sources/stack/att/att_uuid.o
    0x08021296   0x00000002   Data   RO         4883    .rodata.attPpcpChUuid  BUILD/NUCLEO_F401RE/ARMC6/mbed-os/features/FEATURE_BLE/targets/TARGET_CORDIO/stack/ble-host/sources/stack/att/att_uuid.o
    0x08021298   0x00000002   Data   RO         4866    .rodata.attPrimSvcUuid  BUILD/NUCLEO_F401RE/ARMC6/mbed-os/features/FEATURE_BLE/targets/TARGET_CORDIO/stack/ble-host/sources/stack/att/att_uuid.o
    0x0802129a   0x00000002   Data   RO         4884    .rodata.attScChUuid  BUILD/NUCLEO_F401RE/ARMC6/mbed-os/features/FEATURE_BLE/targets/TARGET_CORDIO/stack/ble-host/sources/stack/att/att_uuid.o
    0x0802129c   0x00000010   Data   RO         5054    .rodata.attcFcnIf   BUILD/NUCLEO_F401RE/ARMC6/mbed-os/features/FEATURE_BLE/targets/TARGET_CORDIO/stack/ble-host/sources/stack/att/attc_main.o
    0x080212ac   0x00000034   Data   RO         5052    .rodata.attcSendReqTbl  BUILD/NUCLEO_F401RE/ARMC6/mbed-os/features/FEATURE_BLE/targets/TARGET_CORDIO/stack/ble-host/sources/stack/att/attc_main.o
    0x080212e0   0x00000008   Data   RO         5111    .rodata.attcSignFcnIf  BUILD/NUCLEO_F401RE/ARMC6/mbed-os/features/FEATURE_BLE/targets/TARGET_CORDIO/stack/ble-host/sources/stack/att/attc_sign.o
    0x080212e8   0x00000010   Data   RO         5253    .rodata.attsFcnIf   BUILD/NUCLEO_F401RE/ARMC6/mbed-os/features/FEATURE_BLE/targets/TARGET_CORDIO/stack/ble-host/sources/stack/att/atts_main.o
    0x080212f8   0x00000010   Data   RO         5209    .rodata.attsIndFcnIf  BUILD/NUCLEO_F401RE/ARMC6/mbed-os/features/FEATURE_BLE/targets/TARGET_CORDIO/stack/ble-host/sources/stack/att/atts_ind.o
    0x08021308   0x00000010   Data   RO         6908    .rodata.calc128Zeros  BUILD/NUCLEO_F401RE/ARMC6/mbed-os/features/FEATURE_BLE/targets/TARGET_CORDIO/stack/wsf/sources/util/calc128.o
    0x08021318   0x0000000c   Data   RO         5456    .rodata.dmAdvFcnIf  BUILD/NUCLEO_F401RE/ARMC6/mbed-os/features/FEATURE_BLE/targets/TARGET_CORDIO/stack/ble-host/sources/stack/dm/dm_adv_ae.o
    0x08021324   0x0000000c   Data   RO         5494    .rodata.dmAdvFcnIf  BUILD/NUCLEO_F401RE/ARMC6/mbed-os/features/FEATURE_BLE/targets/TARGET_CORDIO/stack/ble-host/sources/stack/dm/dm_adv_leg.o
    0x08021330   0x0000000c   Data   RO         5595    .rodata.dmConn2FcnIf  BUILD/NUCLEO_F401RE/ARMC6/mbed-os/features/FEATURE_BLE/targets/TARGET_CORDIO/stack/ble-host/sources/stack/dm/dm_conn.o
    0x0802133c   0x00000018   Data   RO         5596    .rodata.dmConnActSetMain  BUILD/NUCLEO_F401RE/ARMC6/mbed-os/features/FEATURE_BLE/targets/TARGET_CORDIO/stack/ble-host/sources/stack/dm/dm_conn.o
    0x08021354   0x00000010   Data   RO         5663    .rodata.dmConnActSetMaster  BUILD/NUCLEO_F401RE/ARMC6/mbed-os/features/FEATURE_BLE/targets/TARGET_CORDIO/stack/ble-host/sources/stack/dm/dm_conn_master_ae.o
    0x08021364   0x00000010   Data   RO         5670    .rodata.dmConnActSetMaster  BUILD/NUCLEO_F401RE/ARMC6/mbed-os/features/FEATURE_BLE/targets/TARGET_CORDIO/stack/ble-host/sources/stack/dm/dm_conn_master_leg.o
    0x08021374   0x00000018   Data   RO         5695    .rodata.dmConnActSetSlave  BUILD/NUCLEO_F401RE/ARMC6/mbed-os/features/FEATURE_BLE/targets/TARGET_CORDIO/stack/ble-host/sources/stack/dm/dm_conn_slave_ae.o
    0x0802138c   0x00000018   Data   RO         5708    .rodata.dmConnActSetSlave  BUILD/NUCLEO_F401RE/ARMC6/mbed-os/features/FEATURE_BLE/targets/TARGET_CORDIO/stack/ble-host/sources/stack/dm/dm_conn_slave_leg.o
    0x080213a4   0x0000000c   Data   RO         5594    .rodata.dmConnFcnIf  BUILD/NUCLEO_F401RE/ARMC6/mbed-os/features/FEATURE_BLE/targets/TARGET_CORDIO/stack/ble-host/sources/stack/dm/dm_conn.o
    0x080213b0   0x0000000c   Data   RO         5593    .rodata.dmConnSpecDefaults  BUILD/NUCLEO_F401RE/ARMC6/mbed-os/features/FEATURE_BLE/targets/TARGET_CORDIO/stack/ble-host/sources/stack/dm/dm_conn.o
    0x080213bc   0x00000082   Data   RO         5713    .rodata.dmConnStateTbl  BUILD/NUCLEO_F401RE/ARMC6/mbed-os/features/FEATURE_BLE/targets/TARGET_CORDIO/stack/ble-host/sources/stack/dm/dm_conn_sm.o
    0x0802143e   0x00000002   PAD
    0x08021440   0x0000000c   Data   RO         5745    .rodata.dmDevFcnIf  BUILD/NUCLEO_F401RE/ARMC6/mbed-os/features/FEATURE_BLE/targets/TARGET_CORDIO/stack/ble-host/sources/stack/dm/dm_dev.o
    0x0802144c   0x0000000c   Data   RO         5819    .rodata.dmFcnDefault  BUILD/NUCLEO_F401RE/ARMC6/mbed-os/features/FEATURE_BLE/targets/TARGET_CORDIO/stack/ble-host/sources/stack/dm/dm_main.o
    0x08021458   0x00000044   Data   RO         5823    .rodata.dmHciToIdTbl  BUILD/NUCLEO_F401RE/ARMC6/mbed-os/features/FEATURE_BLE/targets/TARGET_CORDIO/stack/ble-host/sources/stack/dm/dm_main.o
    0x0802149c   0x0000000c   Data   RO         5457    .rodata.dmPerAdvFcnIf  BUILD/NUCLEO_F401RE/ARMC6/mbed-os/features/FEATURE_BLE/targets/TARGET_CORDIO/stack/ble-host/sources/stack/dm/dm_adv_ae.o
    0x080214a8   0x0000000c   Data   RO         5865    .rodata.dmPhyFcnIf  BUILD/NUCLEO_F401RE/ARMC6/mbed-os/features/FEATURE_BLE/targets/TARGET_CORDIO/stack/ble-host/sources/stack/dm/dm_phy.o
    0x080214b4   0x0000000c   Data   RO         5915    .rodata.dmPrivFcnIf  BUILD/NUCLEO_F401RE/ARMC6/mbed-os/features/FEATURE_BLE/targets/TARGET_CORDIO/stack/ble-host/sources/stack/dm/dm_priv.o
    0x080214c0   0x0000000c   Data   RO         5947    .rodata.dmScanFcnIf  BUILD/NUCLEO_F401RE/ARMC6/mbed-os/features/FEATURE_BLE/targets/TARGET_CORDIO/stack/ble-host/sources/stack/dm/dm_scan_ae.o
    0x080214cc   0x0000000c   Data   RO         5968    .rodata.dmScanFcnIf  BUILD/NUCLEO_F401RE/ARMC6/mbed-os/features/FEATURE_BLE/targets/TARGET_CORDIO/stack/ble-host/sources/stack/dm/dm_scan_leg.o
    0x080214d8   0x0000000c   Data   RO         5995    .rodata.dmSecFcnIf  BUILD/NUCLEO_F401RE/ARMC6/mbed-os/features/FEATURE_BLE/targets/TARGET_CORDIO/stack/ble-host/sources/stack/dm/dm_sec.o
    0x080214e4   0x0000000c   Data   RO         6023    .rodata.dmSecLescFcnIf  BUILD/NUCLEO_F401RE/ARMC6/mbed-os/features/FEATURE_BLE/targets/TARGET_CORDIO/stack/ble-host/sources/stack/dm/dm_sec_lesc.o
    0x080214f0   0x00000024   Data   RO         6088    .rodata.dmSyncAct   BUILD/NUCLEO_F401RE/ARMC6/mbed-os/features/FEATURE_BLE/targets/TARGET_CORDIO/stack/ble-host/sources/stack/dm/dm_sync_ae.o
    0x08021514   0x0000000c   Data   RO         6089    .rodata.dmSyncFcnIf  BUILD/NUCLEO_F401RE/ARMC6/mbed-os/features/FEATURE_BLE/targets/TARGET_CORDIO/stack/ble-host/sources/stack/dm/dm_sync_ae.o
    0x08021520   0x00000038   Data   RO         6087    .rodata.dmSyncStateTbl  BUILD/NUCLEO_F401RE/ARMC6/mbed-os/features/FEATURE_BLE/targets/TARGET_CORDIO/stack/ble-host/sources/stack/dm/dm_sync_ae.o
    0x08021558   0x00000008   Data   RO         4342    .rodata.hciEventMask  BUILD/NUCLEO_F401RE/ARMC6/mbed-os/features/FEATURE_BLE/targets/TARGET_CORDIO/stack/ble-host/sources/hci/common/hci_core.o
    0x08021560   0x00000008   Data   RO         4344    .rodata.hciEventMaskPage2  BUILD/NUCLEO_F401RE/ARMC6/mbed-os/features/FEATURE_BLE/targets/TARGET_CORDIO/stack/ble-host/sources/hci/common/hci_core.o
    0x08021568   0x00000044   Data   RO         4730    .rodata.hciEvtCbackLen  BUILD/NUCLEO_F401RE/ARMC6/mbed-os/features/FEATURE_BLE/targets/TARGET_CORDIO/stack/ble-host/sources/hci/dual_chip/hci_evt.o
    0x080215ac   0x00000110   Data   RO         4731    .rodata.hciEvtParseFcnTbl  BUILD/NUCLEO_F401RE/ARMC6/mbed-os/features/FEATURE_BLE/targets/TARGET_CORDIO/stack/ble-host/sources/hci/dual_chip/hci_evt.o
    0x080216bc   0x00000008   Data   RO         4343    .rodata.hciLeEventMask  BUILD/NUCLEO_F401RE/ARMC6/mbed-os/features/FEATURE_BLE/targets/TARGET_CORDIO/stack/ble-host/sources/hci/common/hci_core.o
    0x080216c4   0x00000040   Data   RO        28591    .rodata.ll_pin_defines  BUILD/NUCLEO_F401RE/ARMC6/mbed-os/targets/TARGET_STM/pinmap.o
    0x08021704   0x00000008   Data   RO        24472    .rodata.lp_data     BUILD/NUCLEO_F401RE/ARMC6/mbed-os/hal/mbed_lp_ticker_api.o
    0x0802170c   0x00000024   Data   RO        24474    .rodata.lp_interface  BUILD/NUCLEO_F401RE/ARMC6/mbed-os/hal/mbed_lp_ticker_api.o
    0x08021730   0x00000008   Data   RO        28578    .rodata.lp_ticker_get_info.info  BUILD/NUCLEO_F401RE/ARMC6/mbed-os/targets/TARGET_STM/lp_ticker.o
    0x08021738   0x00000004   Data   RO        24816    .rodata.mbed_fault_context  BUILD/NUCLEO_F401RE/ARMC6/mbed-os/platform/TARGET_CORTEX_M/mbed_fault_handler.o
    0x0802173c   0x00000004   Data   RO        25727    .rodata.osRtxUserSVC  BUILD/NUCLEO_F401RE/ARMC6/mbed-os/rtos/TARGET_CORTEX/rtx5/RTX/Source/rtx_lib.o
    0x08021740   0x00000024   Data   RO        25722    .rodata.os_idle_thread_attr  BUILD/NUCLEO_F401RE/ARMC6/mbed-os/rtos/TARGET_CORTEX/rtx5/RTX/Source/rtx_lib.o
    0x08021764   0x00000018   Data   RO        25724    .rodata.os_timer_mq_attr  BUILD/NUCLEO_F401RE/ARMC6/mbed-os/rtos/TARGET_CORTEX/rtx5/RTX/Source/rtx_lib.o
    0x0802177c   0x00000024   Data   RO        25723    .rodata.os_timer_thread_attr  BUILD/NUCLEO_F401RE/ARMC6/mbed-os/rtos/TARGET_CORTEX/rtx5/RTX/Source/rtx_lib.o
    0x080217a0   0x000000c0   Data   RO        28365    .rodata.pin_lines_desc  BUILD/NUCLEO_F401RE/ARMC6/mbed-os/targets/TARGET_STM/TARGET_STM32F4/gpio_irq_device.o
    0x08021860   0x0000000f   Data   RO         6333    .rodata.smpPktLenTbl  BUILD/NUCLEO_F401RE/ARMC6/mbed-os/features/FEATURE_BLE/targets/TARGET_CORDIO/stack/ble-host/sources/stack/smp/smp_main.o
    0x0802186f   0x00000004   Data   RO         6385    .rodata.smpScF5Key  BUILD/NUCLEO_F401RE/ARMC6/mbed-os/features/FEATURE_BLE/targets/TARGET_CORDIO/stack/ble-host/sources/stack/smp/smp_sc_act.o
    0x08021873   0x00000001   PAD
    0x08021874   0x00000064   Data   RO         6546    .rodata.smpiActionTbl  BUILD/NUCLEO_F401RE/ARMC6/mbed-os/features/FEATURE_BLE/targets/TARGET_CORDIO/stack/ble-host/sources/stack/smp/smpi_sm.o
    0x080218d8   0x000000cc   Data   RO         6498    .rodata.smpiScActionTbl  BUILD/NUCLEO_F401RE/ARMC6/mbed-os/features/FEATURE_BLE/targets/TARGET_CORDIO/stack/ble-host/sources/stack/smp/smpi_sc_sm.o
    0x080219a4   0x0000000c   Data   RO         6500    .rodata.smpiScSmIf  BUILD/NUCLEO_F401RE/ARMC6/mbed-os/features/FEATURE_BLE/targets/TARGET_CORDIO/stack/ble-host/sources/stack/smp/smpi_sc_sm.o
    0x080219b0   0x00000098   Data   RO         6497    .rodata.smpiScStateTbl  BUILD/NUCLEO_F401RE/ARMC6/mbed-os/features/FEATURE_BLE/targets/TARGET_CORDIO/stack/ble-host/sources/stack/smp/smpi_sc_sm.o
    0x08021a48   0x00000018   Data   RO         6538    .rodata.smpiScStateTblAttempts  BUILD/NUCLEO_F401RE/ARMC6/mbed-os/features/FEATURE_BLE/targets/TARGET_CORDIO/stack/ble-host/sources/stack/smp/smpi_sc_sm.o
    0x08021a60   0x0000000c   Data   RO         6507    .rodata.smpiScStateTblAuthSelect  BUILD/NUCLEO_F401RE/ARMC6/mbed-os/features/FEATURE_BLE/targets/TARGET_CORDIO/stack/ble-host/sources/stack/smp/smpi_sc_sm.o
    0x08021a6c   0x00000006   Data   RO         6521    .rodata.smpiScStateTblCalcDHKey  BUILD/NUCLEO_F401RE/ARMC6/mbed-os/features/FEATURE_BLE/targets/TARGET_CORDIO/stack/ble-host/sources/stack/smp/smpi_sc_sm.o
    0x08021a72   0x00000006   Data   RO         6524    .rodata.smpiScStateTblCalcF5LTK  BUILD/NUCLEO_F401RE/ARMC6/mbed-os/features/FEATURE_BLE/targets/TARGET_CORDIO/stack/ble-host/sources/stack/smp/smpi_sc_sm.o
    0x08021a78   0x00000006   Data   RO         6523    .rodata.smpiScStateTblCalcF5MacKey  BUILD/NUCLEO_F401RE/ARMC6/mbed-os/features/FEATURE_BLE/targets/TARGET_CORDIO/stack/ble-host/sources/stack/smp/smpi_sc_sm.o
    0x08021a7e   0x00000009   Data   RO         6522    .rodata.smpiScStateTblCalcF5TKey  BUILD/NUCLEO_F401RE/ARMC6/mbed-os/features/FEATURE_BLE/targets/TARGET_CORDIO/stack/ble-host/sources/stack/smp/smpi_sc_sm.o
    0x08021a87   0x00000006   Data   RO         6529    .rodata.smpiScStateTblCnfCalc1  BUILD/NUCLEO_F401RE/ARMC6/mbed-os/features/FEATURE_BLE/targets/TARGET_CORDIO/stack/ble-host/sources/stack/smp/smpi_sc_sm.o
    0x08021a8d   0x00000006   Data   RO         6530    .rodata.smpiScStateTblCnfCalc2  BUILD/NUCLEO_F401RE/ARMC6/mbed-os/features/FEATURE_BLE/targets/TARGET_CORDIO/stack/ble-host/sources/stack/smp/smpi_sc_sm.o
    0x08021a93   0x00000006   Data   RO         6533    .rodata.smpiScStateTblCnfVerCalc1  BUILD/NUCLEO_F401RE/ARMC6/mbed-os/features/FEATURE_BLE/targets/TARGET_CORDIO/stack/ble-host/sources/stack/smp/smpi_sc_sm.o
    0x08021a99   0x00000006   Data   RO         6534    .rodata.smpiScStateTblCnfVerCalc2  BUILD/NUCLEO_F401RE/ARMC6/mbed-os/features/FEATURE_BLE/targets/TARGET_CORDIO/stack/ble-host/sources/stack/smp/smpi_sc_sm.o
    0x08021a9f   0x0000000f   Data   RO         6499    .rodata.smpiScStateTblCommon  BUILD/NUCLEO_F401RE/ARMC6/mbed-os/features/FEATURE_BLE/targets/TARGET_CORDIO/stack/ble-host/sources/stack/smp/smpi_sc_sm.o
    0x08021aae   0x00000006   Data   RO         6525    .rodata.smpiScStateTblDhCalcF6Ea  BUILD/NUCLEO_F401RE/ARMC6/mbed-os/features/FEATURE_BLE/targets/TARGET_CORDIO/stack/ble-host/sources/stack/smp/smpi_sc_sm.o
    0x08021ab4   0x00000006   Data   RO         6526    .rodata.smpiScStateTblDhCalcF6Eb  BUILD/NUCLEO_F401RE/ARMC6/mbed-os/features/FEATURE_BLE/targets/TARGET_CORDIO/stack/ble-host/sources/stack/smp/smpi_sc_sm.o
    0x08021aba   0x00000012   Data   RO         6536    .rodata.smpiScStateTblEncrypt  BUILD/NUCLEO_F401RE/ARMC6/mbed-os/features/FEATURE_BLE/targets/TARGET_CORDIO/stack/ble-host/sources/stack/smp/smpi_sc_sm.o
    0x08021acc   0x00000015   Data   RO         6502    .rodata.smpiScStateTblIdle  BUILD/NUCLEO_F401RE/ARMC6/mbed-os/features/FEATURE_BLE/targets/TARGET_CORDIO/stack/ble-host/sources/stack/smp/smpi_sc_sm.o
    0x08021ae1   0x00000006   Data   RO         6510    .rodata.smpiScStateTblJwNcCheck1  BUILD/NUCLEO_F401RE/ARMC6/mbed-os/features/FEATURE_BLE/targets/TARGET_CORDIO/stack/ble-host/sources/stack/smp/smpi_sc_sm.o
    0x08021ae7   0x00000009   Data   RO         6511    .rodata.smpiScStateTblJwNcCheck2  BUILD/NUCLEO_F401RE/ARMC6/mbed-os/features/FEATURE_BLE/targets/TARGET_CORDIO/stack/ble-host/sources/stack/smp/smpi_sc_sm.o
    0x08021af0   0x00000006   Data   RO         6509    .rodata.smpiScStateTblJwNcRand  BUILD/NUCLEO_F401RE/ARMC6/mbed-os/features/FEATURE_BLE/targets/TARGET_CORDIO/stack/ble-host/sources/stack/smp/smpi_sc_sm.o
    0x08021af6   0x00000006   Data   RO         6508    .rodata.smpiScStateTblJwNcWaitCnf  BUILD/NUCLEO_F401RE/ARMC6/mbed-os/features/FEATURE_BLE/targets/TARGET_CORDIO/stack/ble-host/sources/stack/smp/smpi_sc_sm.o
    0x08021afc   0x00000009   Data   RO         6512    .rodata.smpiScStateTblJwNcWaitUser  BUILD/NUCLEO_F401RE/ARMC6/mbed-os/features/FEATURE_BLE/targets/TARGET_CORDIO/stack/ble-host/sources/stack/smp/smpi_sc_sm.o
    0x08021b05   0x0000000f   Data   RO         6537    .rodata.smpiScStateTblKeyDist  BUILD/NUCLEO_F401RE/ARMC6/mbed-os/features/FEATURE_BLE/targets/TARGET_CORDIO/stack/ble-host/sources/stack/smp/smpi_sc_sm.o
    0x08021b14   0x00000006   Data   RO         6528    .rodata.smpiScStateTblLegacyPin  BUILD/NUCLEO_F401RE/ARMC6/mbed-os/features/FEATURE_BLE/targets/TARGET_CORDIO/stack/ble-host/sources/stack/smp/smpi_sc_sm.o
    0x08021b1a   0x00000006   Data   RO         6505    .rodata.smpiScStateTblLescPin  BUILD/NUCLEO_F401RE/ARMC6/mbed-os/features/FEATURE_BLE/targets/TARGET_CORDIO/stack/ble-host/sources/stack/smp/smpi_sc_sm.o
    0x08021b20   0x00000009   Data   RO         6504    .rodata.smpiScStateTblModeSelect  BUILD/NUCLEO_F401RE/ARMC6/mbed-os/features/FEATURE_BLE/targets/TARGET_CORDIO/stack/ble-host/sources/stack/smp/smpi_sc_sm.o
    0x08021b29   0x00000006   Data   RO         6519    .rodata.smpiScStateTblOobSendRand  BUILD/NUCLEO_F401RE/ARMC6/mbed-os/features/FEATURE_BLE/targets/TARGET_CORDIO/stack/ble-host/sources/stack/smp/smpi_sc_sm.o
    0x08021b2f   0x00000009   Data   RO         6520    .rodata.smpiScStateTblOobWaitRand  BUILD/NUCLEO_F401RE/ARMC6/mbed-os/features/FEATURE_BLE/targets/TARGET_CORDIO/stack/ble-host/sources/stack/smp/smpi_sc_sm.o
    0x08021b38   0x00000006   Data   RO         6531    .rodata.smpiScStateTblPairCnf  BUILD/NUCLEO_F401RE/ARMC6/mbed-os/features/FEATURE_BLE/targets/TARGET_CORDIO/stack/ble-host/sources/stack/smp/smpi_sc_sm.o
    0x08021b3e   0x00000006   Data   RO         6532    .rodata.smpiScStateTblPairRand  BUILD/NUCLEO_F401RE/ARMC6/mbed-os/features/FEATURE_BLE/targets/TARGET_CORDIO/stack/ble-host/sources/stack/smp/smpi_sc_sm.o
    0x08021b44   0x00000006   Data   RO         6503    .rodata.smpiScStateTblPairRsp  BUILD/NUCLEO_F401RE/ARMC6/mbed-os/features/FEATURE_BLE/targets/TARGET_CORDIO/stack/ble-host/sources/stack/smp/smpi_sc_sm.o
    0x08021b4a   0x00000006   Data   RO         6514    .rodata.smpiScStateTblPasskeyCalc  BUILD/NUCLEO_F401RE/ARMC6/mbed-os/features/FEATURE_BLE/targets/TARGET_CORDIO/stack/ble-host/sources/stack/smp/smpi_sc_sm.o
    0x08021b50   0x00000006   Data   RO         6517    .rodata.smpiScStateTblPasskeyCheck  BUILD/NUCLEO_F401RE/ARMC6/mbed-os/features/FEATURE_BLE/targets/TARGET_CORDIO/stack/ble-host/sources/stack/smp/smpi_sc_sm.o
    0x08021b56   0x00000006   Data   RO         6515    .rodata.smpiScStateTblPasskeyCnf  BUILD/NUCLEO_F401RE/ARMC6/mbed-os/features/FEATURE_BLE/targets/TARGET_CORDIO/stack/ble-host/sources/stack/smp/smpi_sc_sm.o
    0x08021b5c   0x00000006   Data   RO         6516    .rodata.smpiScStateTblPasskeyRand  BUILD/NUCLEO_F401RE/ARMC6/mbed-os/features/FEATURE_BLE/targets/TARGET_CORDIO/stack/ble-host/sources/stack/smp/smpi_sc_sm.o
    0x08021b62   0x0000000c   Data   RO         6518    .rodata.smpiScStateTblPasskeyRepeat  BUILD/NUCLEO_F401RE/ARMC6/mbed-os/features/FEATURE_BLE/targets/TARGET_CORDIO/stack/ble-host/sources/stack/smp/smpi_sc_sm.o
    0x08021b6e   0x00000006   Data   RO         6506    .rodata.smpiScStateTblPubKey  BUILD/NUCLEO_F401RE/ARMC6/mbed-os/features/FEATURE_BLE/targets/TARGET_CORDIO/stack/ble-host/sources/stack/smp/smpi_sc_sm.o
    0x08021b74   0x00000012   Data   RO         6539    .rodata.smpiScStateTblRspTo  BUILD/NUCLEO_F401RE/ARMC6/mbed-os/features/FEATURE_BLE/targets/TARGET_CORDIO/stack/ble-host/sources/stack/smp/smpi_sc_sm.o
    0x08021b86   0x00000009   Data   RO         6535    .rodata.smpiScStateTblStkCalc  BUILD/NUCLEO_F401RE/ARMC6/mbed-os/features/FEATURE_BLE/targets/TARGET_CORDIO/stack/ble-host/sources/stack/smp/smpi_sc_sm.o
    0x08021b8f   0x00000006   Data   RO         6527    .rodata.smpiScStateTblVerifyDHCheck  BUILD/NUCLEO_F401RE/ARMC6/mbed-os/features/FEATURE_BLE/targets/TARGET_CORDIO/stack/ble-host/sources/stack/smp/smpi_sc_sm.o
    0x08021b95   0x00000003   PAD
    0x08021b98   0x0000000c   Data   RO         6548    .rodata.smpiSmIf    BUILD/NUCLEO_F401RE/ARMC6/mbed-os/features/FEATURE_BLE/targets/TARGET_CORDIO/stack/ble-host/sources/stack/smp/smpi_sm.o
    0x08021ba4   0x00000038   Data   RO         6545    .rodata.smpiStateTbl  BUILD/NUCLEO_F401RE/ARMC6/mbed-os/features/FEATURE_BLE/targets/TARGET_CORDIO/stack/ble-host/sources/stack/smp/smpi_sm.o
    0x08021bdc   0x00000018   Data   RO         6561    .rodata.smpiStateTblAttempts  BUILD/NUCLEO_F401RE/ARMC6/mbed-os/features/FEATURE_BLE/targets/TARGET_CORDIO/stack/ble-host/sources/stack/smp/smpi_sm.o
    0x08021bf4   0x00000006   Data   RO         6552    .rodata.smpiStateTblCnfCalc1  BUILD/NUCLEO_F401RE/ARMC6/mbed-os/features/FEATURE_BLE/targets/TARGET_CORDIO/stack/ble-host/sources/stack/smp/smpi_sm.o
    0x08021bfa   0x00000006   Data   RO         6553    .rodata.smpiStateTblCnfCalc2  BUILD/NUCLEO_F401RE/ARMC6/mbed-os/features/FEATURE_BLE/targets/TARGET_CORDIO/stack/ble-host/sources/stack/smp/smpi_sm.o
    0x08021c00   0x00000006   Data   RO         6556    .rodata.smpiStateTblCnfVerCalc1  BUILD/NUCLEO_F401RE/ARMC6/mbed-os/features/FEATURE_BLE/targets/TARGET_CORDIO/stack/ble-host/sources/stack/smp/smpi_sm.o
    0x08021c06   0x00000006   Data   RO         6557    .rodata.smpiStateTblCnfVerCalc2  BUILD/NUCLEO_F401RE/ARMC6/mbed-os/features/FEATURE_BLE/targets/TARGET_CORDIO/stack/ble-host/sources/stack/smp/smpi_sm.o
    0x08021c0c   0x0000000f   Data   RO         6547    .rodata.smpiStateTblCommon  BUILD/NUCLEO_F401RE/ARMC6/mbed-os/features/FEATURE_BLE/targets/TARGET_CORDIO/stack/ble-host/sources/stack/smp/smpi_sm.o
    0x08021c1b   0x0000000c   Data   RO         6559    .rodata.smpiStateTblEncrypt  BUILD/NUCLEO_F401RE/ARMC6/mbed-os/features/FEATURE_BLE/targets/TARGET_CORDIO/stack/ble-host/sources/stack/smp/smpi_sm.o
    0x08021c27   0x00000015   Data   RO         6549    .rodata.smpiStateTblIdle  BUILD/NUCLEO_F401RE/ARMC6/mbed-os/features/FEATURE_BLE/targets/TARGET_CORDIO/stack/ble-host/sources/stack/smp/smpi_sm.o
    0x08021c3c   0x0000000f   Data   RO         6560    .rodata.smpiStateTblKeyDist  BUILD/NUCLEO_F401RE/ARMC6/mbed-os/features/FEATURE_BLE/targets/TARGET_CORDIO/stack/ble-host/sources/stack/smp/smpi_sm.o
    0x08021c4b   0x00000006   Data   RO         6554    .rodata.smpiStateTblPairCnf  BUILD/NUCLEO_F401RE/ARMC6/mbed-os/features/FEATURE_BLE/targets/TARGET_CORDIO/stack/ble-host/sources/stack/smp/smpi_sm.o
    0x08021c51   0x00000006   Data   RO         6555    .rodata.smpiStateTblPairRand  BUILD/NUCLEO_F401RE/ARMC6/mbed-os/features/FEATURE_BLE/targets/TARGET_CORDIO/stack/ble-host/sources/stack/smp/smpi_sm.o
    0x08021c57   0x00000006   Data   RO         6550    .rodata.smpiStateTblPairRsp  BUILD/NUCLEO_F401RE/ARMC6/mbed-os/features/FEATURE_BLE/targets/TARGET_CORDIO/stack/ble-host/sources/stack/smp/smpi_sm.o
    0x08021c5d   0x00000006   Data   RO         6551    .rodata.smpiStateTblPin  BUILD/NUCLEO_F401RE/ARMC6/mbed-os/features/FEATURE_BLE/targets/TARGET_CORDIO/stack/ble-host/sources/stack/smp/smpi_sm.o
    0x08021c63   0x00000012   Data   RO         6562    .rodata.smpiStateTblRspTo  BUILD/NUCLEO_F401RE/ARMC6/mbed-os/features/FEATURE_BLE/targets/TARGET_CORDIO/stack/ble-host/sources/stack/smp/smpi_sm.o
    0x08021c75   0x00000009   Data   RO         6558    .rodata.smpiStateTblStkCalc  BUILD/NUCLEO_F401RE/ARMC6/mbed-os/features/FEATURE_BLE/targets/TARGET_CORDIO/stack/ble-host/sources/stack/smp/smpi_sm.o
    0x08021c7e   0x00000002   PAD
    0x08021c80   0x00000068   Data   RO         6699    .rodata.smprActionTbl  BUILD/NUCLEO_F401RE/ARMC6/mbed-os/features/FEATURE_BLE/targets/TARGET_CORDIO/stack/ble-host/sources/stack/smp/smpr_sm.o
    0x08021ce8   0x000000d8   Data   RO         6634    .rodata.smprScActionTbl  BUILD/NUCLEO_F401RE/ARMC6/mbed-os/features/FEATURE_BLE/targets/TARGET_CORDIO/stack/ble-host/sources/stack/smp/smpr_sc_sm.o
    0x08021dc0   0x0000000c   Data   RO         6636    .rodata.smprScSmIf  BUILD/NUCLEO_F401RE/ARMC6/mbed-os/features/FEATURE_BLE/targets/TARGET_CORDIO/stack/ble-host/sources/stack/smp/smpr_sc_sm.o
    0x08021dcc   0x000000a0   Data   RO         6633    .rodata.smprScStateTbl  BUILD/NUCLEO_F401RE/ARMC6/mbed-os/features/FEATURE_BLE/targets/TARGET_CORDIO/stack/ble-host/sources/stack/smp/smpr_sc_sm.o
    0x08021e6c   0x00000015   Data   RO         6639    .rodata.smprScStateTblApiPairReq  BUILD/NUCLEO_F401RE/ARMC6/mbed-os/features/FEATURE_BLE/targets/TARGET_CORDIO/stack/ble-host/sources/stack/smp/smpr_sc_sm.o
    0x08021e81   0x00000006   Data   RO         6640    .rodata.smprScStateTblApiPairRsp  BUILD/NUCLEO_F401RE/ARMC6/mbed-os/features/FEATURE_BLE/targets/TARGET_CORDIO/stack/ble-host/sources/stack/smp/smpr_sc_sm.o
    0x08021e87   0x00000018   Data   RO         6676    .rodata.smprScStateTblAttempts  BUILD/NUCLEO_F401RE/ARMC6/mbed-os/features/FEATURE_BLE/targets/TARGET_CORDIO/stack/ble-host/sources/stack/smp/smpr_sc_sm.o
    0x08021e9f   0x0000000c   Data   RO         6644    .rodata.smprScStateTblAuthSelect  BUILD/NUCLEO_F401RE/ARMC6/mbed-os/features/FEATURE_BLE/targets/TARGET_CORDIO/stack/ble-host/sources/stack/smp/smpr_sc_sm.o
    0x08021eab   0x00000006   Data   RO         6660    .rodata.smprScStateTblCalcDHKey  BUILD/NUCLEO_F401RE/ARMC6/mbed-os/features/FEATURE_BLE/targets/TARGET_CORDIO/stack/ble-host/sources/stack/smp/smpr_sc_sm.o
    0x08021eb1   0x00000006   Data   RO         6663    .rodata.smprScStateTblCalcF5LTK  BUILD/NUCLEO_F401RE/ARMC6/mbed-os/features/FEATURE_BLE/targets/TARGET_CORDIO/stack/ble-host/sources/stack/smp/smpr_sc_sm.o
    0x08021eb7   0x00000006   Data   RO         6662    .rodata.smprScStateTblCalcF5MacKey  BUILD/NUCLEO_F401RE/ARMC6/mbed-os/features/FEATURE_BLE/targets/TARGET_CORDIO/stack/ble-host/sources/stack/smp/smpr_sc_sm.o
    0x08021ebd   0x00000009   Data   RO         6661    .rodata.smprScStateTblCalcF5TKey  BUILD/NUCLEO_F401RE/ARMC6/mbed-os/features/FEATURE_BLE/targets/TARGET_CORDIO/stack/ble-host/sources/stack/smp/smpr_sc_sm.o
    0x08021ec6   0x0000000f   Data   RO         6635    .rodata.smprScStateTblCommon  BUILD/NUCLEO_F401RE/ARMC6/mbed-os/features/FEATURE_BLE/targets/TARGET_CORDIO/stack/ble-host/sources/stack/smp/smpr_sc_sm.o
    0x08021ed5   0x00000006   Data   RO         6664    .rodata.smprScStateTblDhCalcF6Ea  BUILD/NUCLEO_F401RE/ARMC6/mbed-os/features/FEATURE_BLE/targets/TARGET_CORDIO/stack/ble-host/sources/stack/smp/smpr_sc_sm.o
    0x08021edb   0x00000006   Data   RO         6665    .rodata.smprScStateTblDhCalcF6Eb  BUILD/NUCLEO_F401RE/ARMC6/mbed-os/features/FEATURE_BLE/targets/TARGET_CORDIO/stack/ble-host/sources/stack/smp/smpr_sc_sm.o
    0x08021ee1   0x00000012   Data   RO         6674    .rodata.smprScStateTblEncrypt  BUILD/NUCLEO_F401RE/ARMC6/mbed-os/features/FEATURE_BLE/targets/TARGET_CORDIO/stack/ble-host/sources/stack/smp/smpr_sc_sm.o
    0x08021ef3   0x00000015   Data   RO         6638    .rodata.smprScStateTblIdle  BUILD/NUCLEO_F401RE/ARMC6/mbed-os/features/FEATURE_BLE/targets/TARGET_CORDIO/stack/ble-host/sources/stack/smp/smpr_sc_sm.o
    0x08021f08   0x00000006   Data   RO         6647    .rodata.smprScStateTblJwNcCalcG2  BUILD/NUCLEO_F401RE/ARMC6/mbed-os/features/FEATURE_BLE/targets/TARGET_CORDIO/stack/ble-host/sources/stack/smp/smpr_sc_sm.o
    0x08021f0e   0x00000006   Data   RO         6645    .rodata.smprScStateTblJwNcSetup  BUILD/NUCLEO_F401RE/ARMC6/mbed-os/features/FEATURE_BLE/targets/TARGET_CORDIO/stack/ble-host/sources/stack/smp/smpr_sc_sm.o
    0x08021f14   0x00000006   Data   RO         6646    .rodata.smprScStateTblJwNcWaitRand  BUILD/NUCLEO_F401RE/ARMC6/mbed-os/features/FEATURE_BLE/targets/TARGET_CORDIO/stack/ble-host/sources/stack/smp/smpr_sc_sm.o
    0x08021f1a   0x0000000c   Data   RO         6648    .rodata.smprScStateTblJwNcWaitUser  BUILD/NUCLEO_F401RE/ARMC6/mbed-os/features/FEATURE_BLE/targets/TARGET_CORDIO/stack/ble-host/sources/stack/smp/smpr_sc_sm.o
    0x08021f26   0x00000009   Data   RO         6649    .rodata.smprScStateTblJwNcWaitUserDhCheckRcvd  BUILD/NUCLEO_F401RE/ARMC6/mbed-os/features/FEATURE_BLE/targets/TARGET_CORDIO/stack/ble-host/sources/stack/smp/smpr_sc_sm.o
    0x08021f2f   0x0000000f   Data   RO         6675    .rodata.smprScStateTblKeyDist  BUILD/NUCLEO_F401RE/ARMC6/mbed-os/features/FEATURE_BLE/targets/TARGET_CORDIO/stack/ble-host/sources/stack/smp/smpr_sc_sm.o
    0x08021f3e   0x00000006   Data   RO         6643    .rodata.smprScStateTblLescPin  BUILD/NUCLEO_F401RE/ARMC6/mbed-os/features/FEATURE_BLE/targets/TARGET_CORDIO/stack/ble-host/sources/stack/smp/smpr_sc_sm.o
    0x08021f44   0x00000009   Data   RO         6641    .rodata.smprScStateTblModeSelect  BUILD/NUCLEO_F401RE/ARMC6/mbed-os/features/FEATURE_BLE/targets/TARGET_CORDIO/stack/ble-host/sources/stack/smp/smpr_sc_sm.o
    0x08021f4d   0x00000006   Data   RO         6657    .rodata.smprScStateTblOobSendRand  BUILD/NUCLEO_F401RE/ARMC6/mbed-os/features/FEATURE_BLE/targets/TARGET_CORDIO/stack/ble-host/sources/stack/smp/smpr_sc_sm.o
    0x08021f53   0x00000006   Data   RO         6658    .rodata.smprScStateTblOobWaitRand  BUILD/NUCLEO_F401RE/ARMC6/mbed-os/features/FEATURE_BLE/targets/TARGET_CORDIO/stack/ble-host/sources/stack/smp/smpr_sc_sm.o
    0x08021f59   0x0000000f   Data   RO         6650    .rodata.smprScStateTblPassKeyKeypress  BUILD/NUCLEO_F401RE/ARMC6/mbed-os/features/FEATURE_BLE/targets/TARGET_CORDIO/stack/ble-host/sources/stack/smp/smpr_sc_sm.o
    0x08021f68   0x00000006   Data   RO         6651    .rodata.smprScStateTblPassWaitAuthRsp  BUILD/NUCLEO_F401RE/ARMC6/mbed-os/features/FEATURE_BLE/targets/TARGET_CORDIO/stack/ble-host/sources/stack/smp/smpr_sc_sm.o
    0x08021f6e   0x00000006   Data   RO         6653    .rodata.smprScStateTblPasskeyCalc  BUILD/NUCLEO_F401RE/ARMC6/mbed-os/features/FEATURE_BLE/targets/TARGET_CORDIO/stack/ble-host/sources/stack/smp/smpr_sc_sm.o
    0x08021f74   0x00000006   Data   RO         6655    .rodata.smprScStateTblPasskeyCheck  BUILD/NUCLEO_F401RE/ARMC6/mbed-os/features/FEATURE_BLE/targets/TARGET_CORDIO/stack/ble-host/sources/stack/smp/smpr_sc_sm.o
    0x08021f7a   0x0000000c   Data   RO         6513    .rodata.smprScStateTblPasskeyKeypress  BUILD/NUCLEO_F401RE/ARMC6/mbed-os/features/FEATURE_BLE/targets/TARGET_CORDIO/stack/ble-host/sources/stack/smp/smpi_sc_sm.o
    0x08021f86   0x00000006   Data   RO         6654    .rodata.smprScStateTblPasskeyRand  BUILD/NUCLEO_F401RE/ARMC6/mbed-os/features/FEATURE_BLE/targets/TARGET_CORDIO/stack/ble-host/sources/stack/smp/smpr_sc_sm.o
    0x08021f8c   0x0000000c   Data   RO         6656    .rodata.smprScStateTblPasskeyRepeat  BUILD/NUCLEO_F401RE/ARMC6/mbed-os/features/FEATURE_BLE/targets/TARGET_CORDIO/stack/ble-host/sources/stack/smp/smpr_sc_sm.o
    0x08021f98   0x00000006   Data   RO         6652    .rodata.smprScStateTblPasskeyWaitCnf  BUILD/NUCLEO_F401RE/ARMC6/mbed-os/features/FEATURE_BLE/targets/TARGET_CORDIO/stack/ble-host/sources/stack/smp/smpr_sc_sm.o
    0x08021f9e   0x00000006   Data   RO         6642    .rodata.smprScStateTblPubKey  BUILD/NUCLEO_F401RE/ARMC6/mbed-os/features/FEATURE_BLE/targets/TARGET_CORDIO/stack/ble-host/sources/stack/smp/smpr_sc_sm.o
    0x08021fa4   0x00000012   Data   RO         6677    .rodata.smprScStateTblRspTo  BUILD/NUCLEO_F401RE/ARMC6/mbed-os/features/FEATURE_BLE/targets/TARGET_CORDIO/stack/ble-host/sources/stack/smp/smpr_sc_sm.o
    0x08021fb6   0x00000009   Data   RO         6673    .rodata.smprScStateTblStkCalc  BUILD/NUCLEO_F401RE/ARMC6/mbed-os/features/FEATURE_BLE/targets/TARGET_CORDIO/stack/ble-host/sources/stack/smp/smpr_sc_sm.o
    0x08021fbf   0x00000009   Data   RO         6659    .rodata.smprScStateTblWaitDhCheck  BUILD/NUCLEO_F401RE/ARMC6/mbed-os/features/FEATURE_BLE/targets/TARGET_CORDIO/stack/ble-host/sources/stack/smp/smpr_sc_sm.o
    0x08021fc8   0x0000000c   Data   RO         6701    .rodata.smprSmIf    BUILD/NUCLEO_F401RE/ARMC6/mbed-os/features/FEATURE_BLE/targets/TARGET_CORDIO/stack/ble-host/sources/stack/smp/smpr_sm.o
    0x08021fd4   0x0000003c   Data   RO         6698    .rodata.smprStateTbl  BUILD/NUCLEO_F401RE/ARMC6/mbed-os/features/FEATURE_BLE/targets/TARGET_CORDIO/stack/ble-host/sources/stack/smp/smpr_sm.o
    0x08022010   0x00000015   Data   RO         6684    .rodata.smprStateTblApiPairReq  BUILD/NUCLEO_F401RE/ARMC6/mbed-os/features/FEATURE_BLE/targets/TARGET_CORDIO/stack/ble-host/sources/stack/smp/smpr_sm.o
    0x08022025   0x00000006   Data   RO         6685    .rodata.smprStateTblApiPairRsp  BUILD/NUCLEO_F401RE/ARMC6/mbed-os/features/FEATURE_BLE/targets/TARGET_CORDIO/stack/ble-host/sources/stack/smp/smpr_sm.o
    0x0802202b   0x00000018   Data   RO         6696    .rodata.smprStateTblAttempts  BUILD/NUCLEO_F401RE/ARMC6/mbed-os/features/FEATURE_BLE/targets/TARGET_CORDIO/stack/ble-host/sources/stack/smp/smpr_sm.o
    0x08022043   0x00000006   Data   RO         6668    .rodata.smprStateTblCnfCalc1  BUILD/NUCLEO_F401RE/ARMC6/mbed-os/features/FEATURE_BLE/targets/TARGET_CORDIO/stack/ble-host/sources/stack/smp/smpr_sc_sm.o
    0x08022049   0x00000006   Data   RO         6688    .rodata.smprStateTblCnfCalc1  BUILD/NUCLEO_F401RE/ARMC6/mbed-os/features/FEATURE_BLE/targets/TARGET_CORDIO/stack/ble-host/sources/stack/smp/smpr_sm.o
    0x0802204f   0x00000006   Data   RO         6669    .rodata.smprStateTblCnfCalc2  BUILD/NUCLEO_F401RE/ARMC6/mbed-os/features/FEATURE_BLE/targets/TARGET_CORDIO/stack/ble-host/sources/stack/smp/smpr_sc_sm.o
    0x08022055   0x00000006   Data   RO         6689    .rodata.smprStateTblCnfCalc2  BUILD/NUCLEO_F401RE/ARMC6/mbed-os/features/FEATURE_BLE/targets/TARGET_CORDIO/stack/ble-host/sources/stack/smp/smpr_sm.o
    0x0802205b   0x00000006   Data   RO         6671    .rodata.smprStateTblCnfVerCalc1  BUILD/NUCLEO_F401RE/ARMC6/mbed-os/features/FEATURE_BLE/targets/TARGET_CORDIO/stack/ble-host/sources/stack/smp/smpr_sc_sm.o
    0x08022061   0x00000006   Data   RO         6691    .rodata.smprStateTblCnfVerCalc1  BUILD/NUCLEO_F401RE/ARMC6/mbed-os/features/FEATURE_BLE/targets/TARGET_CORDIO/stack/ble-host/sources/stack/smp/smpr_sm.o
    0x08022067   0x00000006   Data   RO         6672    .rodata.smprStateTblCnfVerCalc2  BUILD/NUCLEO_F401RE/ARMC6/mbed-os/features/FEATURE_BLE/targets/TARGET_CORDIO/stack/ble-host/sources/stack/smp/smpr_sc_sm.o
    0x0802206d   0x00000006   Data   RO         6692    .rodata.smprStateTblCnfVerCalc2  BUILD/NUCLEO_F401RE/ARMC6/mbed-os/features/FEATURE_BLE/targets/TARGET_CORDIO/stack/ble-host/sources/stack/smp/smpr_sm.o
    0x08022073   0x0000000f   Data   RO         6700    .rodata.smprStateTblCommon  BUILD/NUCLEO_F401RE/ARMC6/mbed-os/features/FEATURE_BLE/targets/TARGET_CORDIO/stack/ble-host/sources/stack/smp/smpr_sm.o
    0x08022082   0x0000000c   Data   RO         6694    .rodata.smprStateTblEncrypt  BUILD/NUCLEO_F401RE/ARMC6/mbed-os/features/FEATURE_BLE/targets/TARGET_CORDIO/stack/ble-host/sources/stack/smp/smpr_sm.o
    0x0802208e   0x00000015   Data   RO         6683    .rodata.smprStateTblIdle  BUILD/NUCLEO_F401RE/ARMC6/mbed-os/features/FEATURE_BLE/targets/TARGET_CORDIO/stack/ble-host/sources/stack/smp/smpr_sm.o
    0x080220a3   0x0000000f   Data   RO         6695    .rodata.smprStateTblKeyDist  BUILD/NUCLEO_F401RE/ARMC6/mbed-os/features/FEATURE_BLE/targets/TARGET_CORDIO/stack/ble-host/sources/stack/smp/smpr_sm.o
    0x080220b2   0x00000006   Data   RO         6670    .rodata.smprStateTblPairRand  BUILD/NUCLEO_F401RE/ARMC6/mbed-os/features/FEATURE_BLE/targets/TARGET_CORDIO/stack/ble-host/sources/stack/smp/smpr_sc_sm.o
    0x080220b8   0x00000006   Data   RO         6690    .rodata.smprStateTblPairRand  BUILD/NUCLEO_F401RE/ARMC6/mbed-os/features/FEATURE_BLE/targets/TARGET_CORDIO/stack/ble-host/sources/stack/smp/smpr_sm.o
    0x080220be   0x00000009   Data   RO         6666    .rodata.smprStateTblPinPair1  BUILD/NUCLEO_F401RE/ARMC6/mbed-os/features/FEATURE_BLE/targets/TARGET_CORDIO/stack/ble-host/sources/stack/smp/smpr_sc_sm.o
    0x080220c7   0x00000009   Data   RO         6686    .rodata.smprStateTblPinPair1  BUILD/NUCLEO_F401RE/ARMC6/mbed-os/features/FEATURE_BLE/targets/TARGET_CORDIO/stack/ble-host/sources/stack/smp/smpr_sm.o
    0x080220d0   0x00000009   Data   RO         6667    .rodata.smprStateTblPinPair2  BUILD/NUCLEO_F401RE/ARMC6/mbed-os/features/FEATURE_BLE/targets/TARGET_CORDIO/stack/ble-host/sources/stack/smp/smpr_sc_sm.o
    0x080220d9   0x00000009   Data   RO         6687    .rodata.smprStateTblPinPair2  BUILD/NUCLEO_F401RE/ARMC6/mbed-os/features/FEATURE_BLE/targets/TARGET_CORDIO/stack/ble-host/sources/stack/smp/smpr_sm.o
    0x080220e2   0x00000012   Data   RO         6697    .rodata.smprStateTblRspTo  BUILD/NUCLEO_F401RE/ARMC6/mbed-os/features/FEATURE_BLE/targets/TARGET_CORDIO/stack/ble-host/sources/stack/smp/smpr_sm.o
    0x080220f4   0x00000009   Data   RO         6693    .rodata.smprStateTblStkCalc  BUILD/NUCLEO_F401RE/ARMC6/mbed-os/features/FEATURE_BLE/targets/TARGET_CORDIO/stack/ble-host/sources/stack/smp/smpr_sm.o
    0x080220fd   0x00000088   Data   RO         1135    .rodata.str1.1      BUILD/NUCLEO_F401RE/ARMC6/mbed-os/drivers/SPI.o
    0x08022185   0x00000023   Data   RO         1722    .rodata.str1.1      BUILD/NUCLEO_F401RE/ARMC6/mbed-os/features/FEATURE_BLE/source/BLE.o
    0x080221a8   0x0000003f   Data   RO         1838    .rodata.str1.1      BUILD/NUCLEO_F401RE/ARMC6/mbed-os/features/FEATURE_BLE/source/gap/AdvertisingDataBuilder.o
    0x080221e7   0x00000118   Data   RO         2133    .rodata.str1.1      BUILD/NUCLEO_F401RE/ARMC6/mbed-os/features/FEATURE_BLE/targets/TARGET_CORDIO/source/CordioBLE.o
    0x080222ff   0x00000164   Data   RO         2450    .rodata.str1.1      BUILD/NUCLEO_F401RE/ARMC6/mbed-os/features/FEATURE_BLE/targets/TARGET_CORDIO/source/CordioImplementations.o
    0x08022463   0x00000048   Data   RO        24429    .rodata.str1.1      BUILD/NUCLEO_F401RE/ARMC6/mbed-os/hal/LowPowerTickerWrapper.o
    0x080224ab   0x00000020   Data   RO        24568    .rodata.str1.1      BUILD/NUCLEO_F401RE/ARMC6/mbed-os/hal/mbed_ticker_api.o
    0x080224cb   0x000000c8   Data   RO        24817    .rodata.str1.1      BUILD/NUCLEO_F401RE/ARMC6/mbed-os/platform/TARGET_CORTEX_M/mbed_fault_handler.o
    0x08022593   0x0000014f   Data   RO        25000    .rodata.str1.1      BUILD/NUCLEO_F401RE/ARMC6/mbed-os/platform/mbed_error.o
    0x080226e2   0x0000005c   Data   RO        25226    .rodata.str1.1      BUILD/NUCLEO_F401RE/ARMC6/mbed-os/platform/mbed_retarget.o
    0x0802273e   0x00000012   Data   RO        25406    .rodata.str1.1      BUILD/NUCLEO_F401RE/ARMC6/mbed-os/rtos/Mutex.o
    0x08022750   0x00000138   Data   RO        25524    .rodata.str1.1      BUILD/NUCLEO_F401RE/ARMC6/mbed-os/rtos/TARGET_CORTEX/mbed_rtx_handlers.o
    0x08022888   0x00000013   Data   RO        25728    .rodata.str1.1      BUILD/NUCLEO_F401RE/ARMC6/mbed-os/rtos/TARGET_CORTEX/rtx5/RTX/Source/rtx_lib.o
    0x0802289b   0x0000001b   Data   RO        26164    .rodata.str1.1      BUILD/NUCLEO_F401RE/ARMC6/mbed-os/rtos/Thread.o
    0x080228b6   0x00000039   Data   RO        28592    .rodata.str1.1      BUILD/NUCLEO_F401RE/ARMC6/mbed-os/targets/TARGET_STM/pinmap.o
    0x080228ef   0x0000002a   Data   RO        28707    .rodata.str1.1      BUILD/NUCLEO_F401RE/ARMC6/mbed-os/targets/TARGET_STM/serial_api.o
    0x08022919   0x00000094   Data   RO        29903    .rodata.str1.1      BUILD/NUCLEO_F401RE/ARMC6/source/main.o
    0x080229ad   0x00000003   PAD
    0x080229b0   0x0000000b   Data   RO        25715    .rodata.str1.4      BUILD/NUCLEO_F401RE/ARMC6/mbed-os/rtos/TARGET_CORTEX/rtx5/RTX/Source/rtx_kernel.o
    0x080229bb   0x00000001   PAD
    0x080229bc   0x00000008   Data   RO        24579    .rodata.us_data     BUILD/NUCLEO_F401RE/ARMC6/mbed-os/hal/mbed_us_ticker_api.o
    0x080229c4   0x00000024   Data   RO        24581    .rodata.us_interface  BUILD/NUCLEO_F401RE/ARMC6/mbed-os/hal/mbed_us_ticker_api.o
    0x080229e8   0x00000008   Data   RO        28797    .rodata.us_ticker_get_info.info  BUILD/NUCLEO_F401RE/ARMC6/mbed-os/targets/TARGET_STM/us_ticker.o
    0x080229f0   0x00000020   Data   RO        30868    Region$$Table       anon$$obj.o
    0x08022a10   0x00000110   Data   RO        30496    locale$$data        /Library/Application Support/Mbed Studio/mbed-studio-tools/ac6/bin/../lib/armlib/c_w.l(lc_ctype_c.o)
    0x08022b20   0x0000001c   Data   RO        30695    locale$$data        /Library/Application Support/Mbed Studio/mbed-studio-tools/ac6/bin/../lib/armlib/c_w.l(lc_numeric_c.o)
    0x08022b3c   0x00000004   Data   RO         2453    .init_array         BUILD/NUCLEO_F401RE/ARMC6/mbed-os/features/FEATURE_BLE/targets/TARGET_CORDIO/source/CordioImplementations.o
    0x08022b40   0x00000004   Data   RO        29913    .init_array         BUILD/NUCLEO_F401RE/ARMC6/source/main.o
    0x08022b44   0x00000000   Data   RO        30258    .init_array         /Library/Application Support/Mbed Studio/mbed-studio-tools/ac6/bin/../lib/armlib/c_w.l(init_aeabi.o)


    Execution Region RW_IRAM1 (Base: 0x20000198, Size: 0x00004510, Max: 0x00017a68, ABSOLUTE, COMPRESSED[0x00000090])

    Base Addr    Size         Type   Attr      Idx    E Section Name        Object

    0x20000198   0x00000004   Data   RW        30174    .data               /Library/Application Support/Mbed Studio/mbed-studio-tools/ac6/bin/../lib/armlib/c_w.l(stdio_streams.o)
    0x2000019c   0x00000004   Data   RW        30175    .data               /Library/Application Support/Mbed Studio/mbed-studio-tools/ac6/bin/../lib/armlib/c_w.l(stdio_streams.o)
    0x200001a0   0x00000004   Data   RW        30176    .data               /Library/Application Support/Mbed Studio/mbed-studio-tools/ac6/bin/../lib/armlib/c_w.l(stdio_streams.o)
    0x200001a4   0x00000004   Data   RW        30483    .data               /Library/Application Support/Mbed Studio/mbed-studio-tools/ac6/bin/../lib/armlib/c_w.l(streamlock.o)
    0x200001a8   0x00000004   Data   RW        28339    .data.SystemCoreClock  BUILD/NUCLEO_F401RE/ARMC6/mbed-os/targets/TARGET_STM/TARGET_STM32F4/device/system_stm32f4xx.o
    0x200001ac   0x00000040   Data   RW        25231    .data._ZL11filehandles  BUILD/NUCLEO_F401RE/ARMC6/mbed-os/platform/mbed_retarget.o
    0x200001ec   0x00000004   Data   RW        25533    .data._ZL14idle_hook_fptr  BUILD/NUCLEO_F401RE/ARMC6/mbed-os/rtos/TARGET_CORTEX/mbed_rtx_idle.o
    0x200001f0   0x00000014   Data   RW         2343    .data._ZN3ble6vendor6cordio12_GLOBAL__N_19CCCD_UUIDE  BUILD/NUCLEO_F401RE/ARMC6/mbed-os/features/FEATURE_BLE/targets/TARGET_CORDIO/source/CordioGattServer.o
    0x20000204   0x00000004   Data   RW         2020    .data._ZN3ble6vendor6cordio24CordioHCITransportDriver21data_received_handlerE  BUILD/NUCLEO_F401RE/ARMC6/mbed-os/features/FEATURE_BLE/targets/TARGET_CORDIO/driver/CordioHCITransportDriver.o
    0x20000208   0x00000014   Data   RW         2118    .data._ZN3ble6vendor6cordio3BLE14_init_callbackE  BUILD/NUCLEO_F401RE/ARMC6/mbed-os/features/FEATURE_BLE/targets/TARGET_CORDIO/source/CordioBLE.o
    0x2000021c   0x00000010   Data   RW         4839    .data.attBaseUuid   BUILD/NUCLEO_F401RE/ARMC6/mbed-os/features/FEATURE_BLE/targets/TARGET_CORDIO/stack/ble-host/sources/stack/att/att_main.o
    0x2000022c   0x00000008   Data   RW         5323    .data.attCfg        BUILD/NUCLEO_F401RE/ARMC6/mbed-os/features/FEATURE_BLE/targets/TARGET_CORDIO/stack/ble-host/sources/stack/cfg/cfg_stack.o
    0x20000234   0x00000044   Data   RW         5250    .data.attsProcFcnTbl  BUILD/NUCLEO_F401RE/ARMC6/mbed-os/features/FEATURE_BLE/targets/TARGET_CORDIO/stack/ble-host/sources/stack/att/atts_main.o
    0x20000278   0x00000038   Data   RW         5820    .data.dmFcnIfTbl    BUILD/NUCLEO_F401RE/ARMC6/mbed-os/features/FEATURE_BLE/targets/TARGET_CORDIO/stack/ble-host/sources/stack/dm/dm_main.o
    0x200002b0   0x00000004   Data   RW         4345    .data.hciLeSupFeatCfg  BUILD/NUCLEO_F401RE/ARMC6/mbed-os/features/FEATURE_BLE/targets/TARGET_CORDIO/stack/ble-host/sources/hci/common/hci_core.o
    0x200002b4   0x00000004   Data   RW        24473    .data.irq_handler   BUILD/NUCLEO_F401RE/ARMC6/mbed-os/hal/mbed_lp_ticker_api.o
    0x200002b8   0x00000004   Data   RW        24580    .data.irq_handler   BUILD/NUCLEO_F401RE/ARMC6/mbed-os/hal/mbed_us_ticker_api.o
    0x200002bc   0x000000a4   Data   RW        25716    .data.os            BUILD/NUCLEO_F401RE/ARMC6/mbed-os/rtos/TARGET_CORTEX/rtx5/RTX/Source/rtx_kernel.o
    0x20000360   0x00000004   Data   RW         5324    .data.pAttCfg       BUILD/NUCLEO_F401RE/ARMC6/mbed-os/features/FEATURE_BLE/targets/TARGET_CORDIO/stack/ble-host/sources/stack/cfg/cfg_stack.o
    0x20000364   0x00000004   Data   RW         5326    .data.pSmpCfg       BUILD/NUCLEO_F401RE/ARMC6/mbed-os/features/FEATURE_BLE/targets/TARGET_CORDIO/stack/ble-host/sources/stack/cfg/cfg_stack.o
    0x20000368   0x00000018   Data   RW         5325    .data.smpCfg        BUILD/NUCLEO_F401RE/ARMC6/mbed-os/features/FEATURE_BLE/targets/TARGET_CORDIO/stack/ble-host/sources/stack/cfg/cfg_stack.o
    0x20000380   0x00000054   Zero   RW        30171    .bss                /Library/Application Support/Mbed Studio/mbed-studio-tools/ac6/bin/../lib/armlib/c_w.l(stdio_streams.o)
    0x200003d4   0x00000054   Zero   RW        30172    .bss                /Library/Application Support/Mbed Studio/mbed-studio-tools/ac6/bin/../lib/armlib/c_w.l(stdio_streams.o)
    0x20000428   0x00000054   Zero   RW        30173    .bss                /Library/Application Support/Mbed Studio/mbed-studio-tools/ac6/bin/../lib/armlib/c_w.l(stdio_streams.o)
    0x2000047c   0x00000060   Zero   RW        30379    .bss                /Library/Application Support/Mbed Studio/mbed-studio-tools/ac6/bin/../lib/armlib/c_w.l(libspace.o)
    0x200004dc   0x00000006   Zero   RW        29905    .bss.GRBdata        BUILD/NUCLEO_F401RE/ARMC6/source/main.o
    0x200004e2   0x00000002   PAD
    0x200004e4   0x00000004   Zero   RW        28667    .bss.LPTICKER_RTC_time  BUILD/NUCLEO_F401RE/ARMC6/mbed-os/targets/TARGET_STM/rtc_api.o
    0x200004e8   0x00000004   Zero   RW        28666    .bss.LPTICKER_counter  BUILD/NUCLEO_F401RE/ARMC6/mbed-os/targets/TARGET_STM/rtc_api.o
    0x200004ec   0x00000001   Zero   RW        26073    .bss.PendST         BUILD/NUCLEO_F401RE/ARMC6/mbed-os/rtos/TARGET_CORTEX/rtx5/Source/os_systick.o
    0x200004ed   0x00000003   PAD
    0x200004f0   0x000000e0   Zero   RW        29904    .bss.RGBsensor      BUILD/NUCLEO_F401RE/ARMC6/source/main.o
    0x200005d0   0x00000001   Zero   RW        28668    .bss.RTC_inited     BUILD/NUCLEO_F401RE/ARMC6/mbed-os/targets/TARGET_STM/rtc_api.o
    0x200005d1   0x00000003   PAD
    0x200005d4   0x00000020   Zero   RW        28669    .bss.RtcHandle      BUILD/NUCLEO_F401RE/ARMC6/mbed-os/targets/TARGET_STM/rtc_api.o
    0x200005f4   0x00000054   Zero   RW         6432    .bss.SMP_ScCcb      BUILD/NUCLEO_F401RE/ARMC6/mbed-os/features/FEATURE_BLE/targets/TARGET_CORDIO/stack/ble-host/sources/stack/smp/smp_sc_main.o
    0x20000648   0x00000004   Zero   RW         2113    .bss.SystemHeapSize  BUILD/NUCLEO_F401RE/ARMC6/mbed-os/features/FEATURE_BLE/targets/TARGET_CORDIO/source/CordioBLE.o
    0x2000064c   0x00000004   Zero   RW         2112    .bss.SystemHeapStart  BUILD/NUCLEO_F401RE/ARMC6/mbed-os/features/FEATURE_BLE/targets/TARGET_CORDIO/source/CordioBLE.o
    0x20000650   0x0000003c   Zero   RW        28798    .bss.TimMasterHandle  BUILD/NUCLEO_F401RE/ARMC6/mbed-os/targets/TARGET_STM/us_ticker.o
    0x2000068c   0x00000004   Zero   RW        29830    .bss._ZGVZ25ble_cordio_get_hci_drivervE10hci_driver  BUILD/NUCLEO_F401RE/ARMC6/shields/TARGET_CORDIO_BLUENRG/BlueNrgHCIDriver.o
    0x20000690   0x00000004   Zero   RW        29828    .bss._ZGVZ25ble_cordio_get_hci_drivervE16transport_driver  BUILD/NUCLEO_F401RE/ARMC6/shields/TARGET_CORDIO_BLUENRG/BlueNrgHCIDriver.o
    0x20000694   0x00000004   Zero   RW        25233    .bss._ZGVZL15default_consolevE7console  BUILD/NUCLEO_F401RE/ARMC6/mbed-os/platform/mbed_retarget.o
    0x20000698   0x00000004   Zero   RW         1721    .bss._ZGVZN3BLE8InstanceEjE12badSingleton  BUILD/NUCLEO_F401RE/ARMC6/mbed-os/features/FEATURE_BLE/source/BLE.o
    0x2000069c   0x00000004   Zero   RW         4304    .bss._ZGVZN3ble3pal6vendor6cordio15CordioAttClient10get_clientEvE7_client  BUILD/NUCLEO_F401RE/ARMC6/mbed-os/features/FEATURE_BLE/targets/TARGET_CORDIO/source/CordioPalAttClient.o
    0x200006a0   0x00000004   Zero   RW         4165    .bss._ZGVZN3ble3pal6vendor6cordio21CordioSecurityManagerINS_7generic22GenericSecurityManagerIS3_NS_6vendor6cordio19SigningEventMonitorEEEE20get_security_managerEvE17_security_manager  BUILD/NUCLEO_F401RE/ARMC6/mbed-os/features/FEATURE_BLE/targets/TARGET_CORDIO/source/CordioImplementations.o
    0x200006a4   0x00000004   Zero   RW         4172    .bss._ZGVZN3ble3pal6vendor6cordio3GapINS_7generic10GenericGapIS3_NS0_15SecurityManagerINS2_21CordioSecurityManagerINS4_22GenericSecurityManagerIS7_NS_6vendor6cordio19SigningEventMonitorEEEEESC_EESC_EEE7get_gapEvE4_gap  BUILD/NUCLEO_F401RE/ARMC6/mbed-os/features/FEATURE_BLE/targets/TARGET_CORDIO/source/CordioImplementations.o
    0x200006a8   0x00000004   Zero   RW         2345    .bss._ZGVZN3ble6vendor6cordio10GattServer11getInstanceEvE10m_instance  BUILD/NUCLEO_F401RE/ARMC6/mbed-os/features/FEATURE_BLE/targets/TARGET_CORDIO/source/CordioGattServer.o
    0x200006ac   0x00000004   Zero   RW         2132    .bss._ZGVZN3ble6vendor6cordio3BLE12waitForEventEvE11nextTimeout  BUILD/NUCLEO_F401RE/ARMC6/mbed-os/features/FEATURE_BLE/targets/TARGET_CORDIO/source/CordioBLE.o
    0x200006b0   0x00000004   Zero   RW         2125    .bss._ZGVZN3ble6vendor6cordio3BLE13getGattClientEvE11gatt_client  BUILD/NUCLEO_F401RE/ARMC6/mbed-os/features/FEATURE_BLE/targets/TARGET_CORDIO/source/CordioBLE.o
    0x200006b4   0x00000004   Zero   RW         2135    .bss._ZGVZN3ble6vendor6cordio3BLE14callDispatcherEvE11nextTimeout  BUILD/NUCLEO_F401RE/ARMC6/mbed-os/features/FEATURE_BLE/targets/TARGET_CORDIO/source/CordioBLE.o
    0x200006b8   0x00000004   Zero   RW         2117    .bss._ZGVZN3ble6vendor6cordio3BLE14deviceInstanceEvE8instance  BUILD/NUCLEO_F401RE/ARMC6/mbed-os/features/FEATURE_BLE/targets/TARGET_CORDIO/source/CordioBLE.o
    0x200006bc   0x00000004   Zero   RW         2127    .bss._ZGVZN3ble6vendor6cordio3BLE16getPalGattClientEvE10pal_client  BUILD/NUCLEO_F401RE/ARMC6/mbed-os/features/FEATURE_BLE/targets/TARGET_CORDIO/source/CordioBLE.o
    0x200006c0   0x00000004   Zero   RW         2130    .bss._ZGVZN3ble6vendor6cordio3BLE18getSecurityManagerEvE10m_instance  BUILD/NUCLEO_F401RE/ARMC6/mbed-os/features/FEATURE_BLE/targets/TARGET_CORDIO/source/CordioBLE.o
    0x200006c4   0x00000004   Zero   RW         2121    .bss._ZGVZN3ble6vendor6cordio3BLE6getGapEvE18cordio_gap_service  BUILD/NUCLEO_F401RE/ARMC6/mbed-os/features/FEATURE_BLE/targets/TARGET_CORDIO/source/CordioBLE.o
    0x200006c8   0x00000004   Zero   RW         2123    .bss._ZGVZN3ble6vendor6cordio3BLE6getGapEvE3gap  BUILD/NUCLEO_F401RE/ARMC6/mbed-os/features/FEATURE_BLE/targets/TARGET_CORDIO/source/CordioBLE.o
    0x200006cc   0x0000005c   Zero   RW        29908    .bss._ZL11event_queue  BUILD/NUCLEO_F401RE/ARMC6/source/main.o
    0x20000728   0x00000004   Zero   RW        24503    .bss._ZL14ticker_wrapper  BUILD/NUCLEO_F401RE/ARMC6/mbed-os/hal/mbed_lp_ticker_wrapper.o
    0x2000072c   0x00000028   Zero   RW        25223    .bss._ZL16filehandle_mutex  BUILD/NUCLEO_F401RE/ARMC6/mbed-os/platform/mbed_retarget.o
    0x20000754   0x00000004   PAD
    0x20000758   0x00000070   Zero   RW        24504    .bss._ZL19ticker_wrapper_data  BUILD/NUCLEO_F401RE/ARMC6/mbed-os/hal/mbed_lp_ticker_wrapper.o
    0x200007c8   0x00000001   Zero   RW        24502    .bss._ZL4init       BUILD/NUCLEO_F401RE/ARMC6/mbed-os/hal/mbed_lp_ticker_wrapper.o
    0x200007c9   0x00000003   PAD
    0x200007cc   0x00000004   Zero   RW        24640    .bss._ZN10CThunkBase17_cthunk_free_realE  BUILD/NUCLEO_F401RE/ARMC6/mbed-os/platform/CThunkBase.o
    0x200007d0   0x00000004   Zero   RW         2115    .bss._ZN3ble6vendor6cordio3BLE11_hci_driverE  BUILD/NUCLEO_F401RE/ARMC6/mbed-os/features/FEATURE_BLE/targets/TARGET_CORDIO/source/CordioBLE.o
    0x200007d4   0x00000008   Zero   RW         2449    .bss._ZN3ble7generic12_GLOBAL__N_119default_scan_paramsE  BUILD/NUCLEO_F401RE/ARMC6/mbed-os/features/FEATURE_BLE/targets/TARGET_CORDIO/source/CordioImplementations.o
    0x200007dc   0x00000028   Zero   RW          895    .bss._ZN4mbed3I2C6_mutexE  BUILD/NUCLEO_F401RE/ARMC6/mbed-os/drivers/I2C.o
    0x20000804   0x00000004   Zero   RW          894    .bss._ZN4mbed3I2C6_ownerE  BUILD/NUCLEO_F401RE/ARMC6/mbed-os/drivers/I2C.o
    0x20000808   0x00000128   Zero   RW         1132    .bss._ZN4mbed3SPI12_peripheralsE  BUILD/NUCLEO_F401RE/ARMC6/mbed-os/drivers/SPI.o
    0x20000930   0x00000004   Zero   RW         1133    .bss._ZN4mbed3SPI17_peripherals_usedE  BUILD/NUCLEO_F401RE/ARMC6/mbed-os/drivers/SPI.o
    0x20000934   0x00000004   Zero   RW        24701    .bss._ZN4mbed8FileBase5_headE  BUILD/NUCLEO_F401RE/ARMC6/mbed-os/platform/FileBase.o
    0x20000938   0x00000028   Zero   RW        24702    .bss._ZN4mbed8FileBase6_mutexE  BUILD/NUCLEO_F401RE/ARMC6/mbed-os/platform/FileBase.o
    0x20000960   0x00000004   Zero   RW        24703    .bss._ZN4mbed8FileBase8_defaultE  BUILD/NUCLEO_F401RE/ARMC6/mbed-os/platform/FileBase.o
    0x20000964   0x00000028   Zero   RW        29829    .bss._ZZ25ble_cordio_get_hci_drivervE10hci_driver  BUILD/NUCLEO_F401RE/ARMC6/shields/TARGET_CORDIO_BLUENRG/BlueNrgHCIDriver.o
    0x2000098c   0x000005d0   Zero   RW        29827    .bss._ZZ25ble_cordio_get_hci_drivervE16transport_driver  BUILD/NUCLEO_F401RE/ARMC6/shields/TARGET_CORDIO_BLUENRG/BlueNrgHCIDriver.o
    0x20000f5c   0x00000004   Zero   RW        25232    .bss._ZZL15default_consolevE7console  BUILD/NUCLEO_F401RE/ARMC6/mbed-os/platform/mbed_retarget.o
    0x20000f60   0x00000004   Zero   RW         1724    .bss._ZZN3BLE8InstanceEjE10singletons.0  BUILD/NUCLEO_F401RE/ARMC6/mbed-os/features/FEATURE_BLE/source/BLE.o
    0x20000f64   0x00000020   Zero   RW         1720    .bss._ZZN3BLE8InstanceEjE12badSingleton  BUILD/NUCLEO_F401RE/ARMC6/mbed-os/features/FEATURE_BLE/source/BLE.o
    0x20000f84   0x00000004   Zero   RW         1723    .bss._ZZN3BLEC1EjE18transportInstances  BUILD/NUCLEO_F401RE/ARMC6/mbed-os/features/FEATURE_BLE/source/BLE.o
    0x20000f88   0x00000024   Zero   RW         4303    .bss._ZZN3ble3pal6vendor6cordio15CordioAttClient10get_clientEvE7_client  BUILD/NUCLEO_F401RE/ARMC6/mbed-os/features/FEATURE_BLE/targets/TARGET_CORDIO/source/CordioPalAttClient.o
    0x20000fac   0x00000064   Zero   RW         4164    .bss._ZZN3ble3pal6vendor6cordio21CordioSecurityManagerINS_7generic22GenericSecurityManagerIS3_NS_6vendor6cordio19SigningEventMonitorEEEE20get_security_managerEvE17_security_manager  BUILD/NUCLEO_F401RE/ARMC6/mbed-os/features/FEATURE_BLE/targets/TARGET_CORDIO/source/CordioImplementations.o
    0x20001010   0x00000020   Zero   RW         4171    .bss._ZZN3ble3pal6vendor6cordio3GapINS_7generic10GenericGapIS3_NS0_15SecurityManagerINS2_21CordioSecurityManagerINS4_22GenericSecurityManagerIS7_NS_6vendor6cordio19SigningEventMonitorEEEEESC_EESC_EEE7get_gapEvE4_gap  BUILD/NUCLEO_F401RE/ARMC6/mbed-os/features/FEATURE_BLE/targets/TARGET_CORDIO/source/CordioImplementations.o
    0x20001030   0x000002a4   Zero   RW         2344    .bss._ZZN3ble6vendor6cordio10GattServer11getInstanceEvE10m_instance  BUILD/NUCLEO_F401RE/ARMC6/mbed-os/features/FEATURE_BLE/targets/TARGET_CORDIO/source/CordioGattServer.o
    0x200012d4   0x00000001   Zero   RW         2009    .bss._ZZN3ble6vendor6cordio15CordioHCIDriver21handle_reset_sequenceEPhE7randCnt  BUILD/NUCLEO_F401RE/ARMC6/mbed-os/features/FEATURE_BLE/targets/TARGET_CORDIO/driver/CordioHCIDriver.o
    0x200012d5   0x00000003   PAD
    0x200012d8   0x000008d0   Zero   RW         2007    .bss._ZZN3ble6vendor6cordio15CordioHCIDriver35get_default_buffer_pool_descriptionEvE6buffer  BUILD/NUCLEO_F401RE/ARMC6/mbed-os/features/FEATURE_BLE/targets/TARGET_CORDIO/driver/CordioHCIDriver.o
    0x20001ba8   0x00000040   Zero   RW         2131    .bss._ZZN3ble6vendor6cordio3BLE12waitForEventEvE11nextTimeout  BUILD/NUCLEO_F401RE/ARMC6/mbed-os/features/FEATURE_BLE/targets/TARGET_CORDIO/source/CordioBLE.o
    0x20001be8   0x00000058   Zero   RW         2124    .bss._ZZN3ble6vendor6cordio3BLE13getGattClientEvE11gatt_client  BUILD/NUCLEO_F401RE/ARMC6/mbed-os/features/FEATURE_BLE/targets/TARGET_CORDIO/source/CordioBLE.o
    0x20001c40   0x00000040   Zero   RW         2134    .bss._ZZN3ble6vendor6cordio3BLE14callDispatcherEvE11nextTimeout  BUILD/NUCLEO_F401RE/ARMC6/mbed-os/features/FEATURE_BLE/targets/TARGET_CORDIO/source/CordioBLE.o
    0x20001c80   0x00000048   Zero   RW         2116    .bss._ZZN3ble6vendor6cordio3BLE14deviceInstanceEvE8instance  BUILD/NUCLEO_F401RE/ARMC6/mbed-os/features/FEATURE_BLE/targets/TARGET_CORDIO/source/CordioBLE.o
    0x20001cc8   0x00000028   Zero   RW         2126    .bss._ZZN3ble6vendor6cordio3BLE16getPalGattClientEvE10pal_client  BUILD/NUCLEO_F401RE/ARMC6/mbed-os/features/FEATURE_BLE/targets/TARGET_CORDIO/source/CordioBLE.o
    0x20001cf0   0x000000f4   Zero   RW         2129    .bss._ZZN3ble6vendor6cordio3BLE18getSecurityManagerEvE10m_instance  BUILD/NUCLEO_F401RE/ARMC6/mbed-os/features/FEATURE_BLE/targets/TARGET_CORDIO/source/CordioBLE.o
    0x20001de4   0x00000001   Zero   RW         2128    .bss._ZZN3ble6vendor6cordio3BLE18getSecurityManagerEvE21signing_event_monitor  BUILD/NUCLEO_F401RE/ARMC6/mbed-os/features/FEATURE_BLE/targets/TARGET_CORDIO/source/CordioBLE.o
    0x20001de5   0x00000003   PAD
    0x20001de8   0x00000004   Zero   RW         2120    .bss._ZZN3ble6vendor6cordio3BLE6getGapEvE18cordio_gap_service  BUILD/NUCLEO_F401RE/ARMC6/mbed-os/features/FEATURE_BLE/targets/TARGET_CORDIO/source/CordioBLE.o
    0x20001dec   0x00000004   PAD
    0x20001df0   0x000001c0   Zero   RW         2122    .bss._ZZN3ble6vendor6cordio3BLE6getGapEvE3gap  BUILD/NUCLEO_F401RE/ARMC6/mbed-os/features/FEATURE_BLE/targets/TARGET_CORDIO/source/CordioBLE.o
    0x20001fb0   0x00000001   Zero   RW        29888    .bss._ZZN3ble6vendor7bluenrg9HCIDriver21handle_reset_sequenceEPhE7randCnt  BUILD/NUCLEO_F401RE/ARMC6/shields/TARGET_CORDIO_BLUENRG/BlueNrgHCIDriver.o
    0x20001fb1   0x00000003   PAD
    0x20001fb4   0x00000004   Zero   RW           39    .bss._irqpin        BUILD/NUCLEO_F401RE/ARMC6/ISL29125/ISL29125.o
    0x20001fb8   0x00001000   Zero   RW        25487    .bss._main_stack    BUILD/NUCLEO_F401RE/ARMC6/mbed-os/rtos/TARGET_CORTEX/mbed_rtos_rtx.o
    0x20002fb8   0x00000024   Zero   RW        25488    .bss._main_thread_attr  BUILD/NUCLEO_F401RE/ARMC6/mbed-os/rtos/TARGET_CORTEX/mbed_rtos_rtx.o
    0x20002fdc   0x00000020   Zero   RW        25462    .bss._static_mutexes  BUILD/NUCLEO_F401RE/ARMC6/mbed-os/rtos/TARGET_CORTEX/TOOLCHAIN_ARM_STD/mbed_boot_arm_std.o
    0x20002ffc   0x000000e0   Zero   RW        25463    .bss._static_mutexes_mem  BUILD/NUCLEO_F401RE/ARMC6/mbed-os/rtos/TARGET_CORTEX/TOOLCHAIN_ARM_STD/mbed_boot_arm_std.o
    0x200030dc   0x00000004   Zero   RW           40    .bss._syncpin       BUILD/NUCLEO_F401RE/ARMC6/ISL29125/ISL29125.o
    0x200030e0   0x0000001f   Zero   RW        29907    .bss.adv_buffer     BUILD/NUCLEO_F401RE/ARMC6/source/main.o
    0x200030ff   0x00000001   PAD
    0x20003100   0x00000080   Zero   RW         4838    .bss.attCb          BUILD/NUCLEO_F401RE/ARMC6/mbed-os/features/FEATURE_BLE/targets/TARGET_CORDIO/stack/ble-host/sources/stack/att/att_main.o
    0x20003180   0x000000b0   Zero   RW         5053    .bss.attcCb         BUILD/NUCLEO_F401RE/ARMC6/mbed-os/features/FEATURE_BLE/targets/TARGET_CORDIO/stack/ble-host/sources/stack/att/attc_main.o
    0x20003230   0x00000018   Zero   RW         5252    .bss.attsCb         BUILD/NUCLEO_F401RE/ARMC6/mbed-os/features/FEATURE_BLE/targets/TARGET_CORDIO/stack/ble-host/sources/stack/att/atts_main.o
    0x20003248   0x00000018   Zero   RW         5141    .bss.attsCccCb      BUILD/NUCLEO_F401RE/ARMC6/mbed-os/features/FEATURE_BLE/targets/TARGET_CORDIO/stack/ble-host/sources/stack/att/atts_ccc.o
    0x20003260   0x00000010   Zero   RW         5166    .bss.attsCsfCb      BUILD/NUCLEO_F401RE/ARMC6/mbed-os/features/FEATURE_BLE/targets/TARGET_CORDIO/stack/ble-host/sources/stack/att/atts_csf.o
    0x20003270   0x00000054   Zero   RW         5208    .bss.attsIndCb      BUILD/NUCLEO_F401RE/ARMC6/mbed-os/features/FEATURE_BLE/targets/TARGET_CORDIO/stack/ble-host/sources/stack/att/atts_ind.o
    0x200032c4   0x00000038   Zero   RW         5304    .bss.attsSignCb     BUILD/NUCLEO_F401RE/ARMC6/mbed-os/features/FEATURE_BLE/targets/TARGET_CORDIO/stack/ble-host/sources/stack/att/atts_sign.o
    0x200032fc   0x00000214   Zero   RW        28465    .bss.channels       BUILD/NUCLEO_F401RE/ARMC6/mbed-os/targets/TARGET_STM/gpio_irq_api.o
    0x20003510   0x00000001   Zero   RW        24446    .bss.critical_interrupts_enabled  BUILD/NUCLEO_F401RE/ARMC6/mbed-os/hal/mbed_critical_section_api.o
    0x20003511   0x00000003   PAD
    0x20003514   0x00000004   Zero   RW        24951    .bss.critical_section_reentrancy_counter  BUILD/NUCLEO_F401RE/ARMC6/mbed-os/platform/mbed_critical.o
    0x20003518   0x00000001   Zero   RW        29906    .bss.data_present   BUILD/NUCLEO_F401RE/ARMC6/source/main.o
    0x20003519   0x00000001   PAD
    0x2000351a   0x00000002   Zero   RW        25293    .bss.deep_sleep_lock  BUILD/NUCLEO_F401RE/ARMC6/mbed-os/platform/mbed_sleep_manager.o
    0x2000351c   0x00000044   Zero   RW         5359    .bss.dmAdvCb        BUILD/NUCLEO_F401RE/ARMC6/mbed-os/features/FEATURE_BLE/targets/TARGET_CORDIO/stack/ble-host/sources/stack/dm/dm_adv.o
    0x20003560   0x00000018   Zero   RW         5821    .bss.dmCb           BUILD/NUCLEO_F401RE/ARMC6/mbed-os/features/FEATURE_BLE/targets/TARGET_CORDIO/stack/ble-host/sources/stack/dm/dm_main.o
    0x20003578   0x0000000c   Zero   RW         5714    .bss.dmConnActSet   BUILD/NUCLEO_F401RE/ARMC6/mbed-os/features/FEATURE_BLE/targets/TARGET_CORDIO/stack/ble-host/sources/stack/dm/dm_conn_sm.o
    0x20003584   0x000000d4   Zero   RW         5592    .bss.dmConnCb       BUILD/NUCLEO_F401RE/ARMC6/mbed-os/features/FEATURE_BLE/targets/TARGET_CORDIO/stack/ble-host/sources/stack/dm/dm_conn.o
    0x20003658   0x00000004   Zero   RW         5746    .bss.dmDevCb        BUILD/NUCLEO_F401RE/ARMC6/mbed-os/features/FEATURE_BLE/targets/TARGET_CORDIO/stack/ble-host/sources/stack/dm/dm_dev.o
    0x2000365c   0x00000027   Zero   RW         5454    .bss.dmExtAdvCb     BUILD/NUCLEO_F401RE/ARMC6/mbed-os/features/FEATURE_BLE/targets/TARGET_CORDIO/stack/ble-host/sources/stack/dm/dm_adv_ae.o
    0x20003683   0x00000001   Zero   RW         5948    .bss.dmExtScanActHciReport.filtered  BUILD/NUCLEO_F401RE/ARMC6/mbed-os/features/FEATURE_BLE/targets/TARGET_CORDIO/stack/ble-host/sources/stack/dm/dm_scan_ae.o
    0x20003684   0x00000001   Zero   RW         5949    .bss.dmExtScanActHciReport.firstFrag  BUILD/NUCLEO_F401RE/ARMC6/mbed-os/features/FEATURE_BLE/targets/TARGET_CORDIO/stack/ble-host/sources/stack/dm/dm_scan_ae.o
    0x20003685   0x00000001   Zero   RW         5495    .bss.dmLegAdvCb.0   BUILD/NUCLEO_F401RE/ARMC6/mbed-os/features/FEATURE_BLE/targets/TARGET_CORDIO/stack/ble-host/sources/stack/dm/dm_adv_leg.o
    0x20003686   0x00000012   Zero   RW         5455    .bss.dmPerAdvCb     BUILD/NUCLEO_F401RE/ARMC6/mbed-os/features/FEATURE_BLE/targets/TARGET_CORDIO/stack/ble-host/sources/stack/dm/dm_adv_ae.o
    0x20003698   0x0000001a   Zero   RW         5914    .bss.dmPrivCb       BUILD/NUCLEO_F401RE/ARMC6/mbed-os/features/FEATURE_BLE/targets/TARGET_CORDIO/stack/ble-host/sources/stack/dm/dm_priv.o
    0x200036b2   0x00000002   PAD
    0x200036b4   0x00000024   Zero   RW         5928    .bss.dmScanCb       BUILD/NUCLEO_F401RE/ARMC6/mbed-os/features/FEATURE_BLE/targets/TARGET_CORDIO/stack/ble-host/sources/stack/dm/dm_scan.o
    0x200036d8   0x00000008   Zero   RW         5996    .bss.dmSecCb        BUILD/NUCLEO_F401RE/ARMC6/mbed-os/features/FEATURE_BLE/targets/TARGET_CORDIO/stack/ble-host/sources/stack/dm/dm_sec.o
    0x200036e0   0x00000004   Zero   RW         6021    .bss.dmSecOobRand   BUILD/NUCLEO_F401RE/ARMC6/mbed-os/features/FEATURE_BLE/targets/TARGET_CORDIO/stack/ble-host/sources/stack/dm/dm_sec_lesc.o
    0x200036e4   0x0000000e   Zero   RW         6086    .bss.dmSyncCb       BUILD/NUCLEO_F401RE/ARMC6/mbed-os/features/FEATURE_BLE/targets/TARGET_CORDIO/stack/ble-host/sources/stack/dm/dm_sync_ae.o
    0x200036f2   0x00000002   PAD
    0x200036f4   0x00000004   Zero   RW        24997    .bss.error_count    BUILD/NUCLEO_F401RE/ARMC6/mbed-os/platform/mbed_error.o
    0x200036f8   0x00000004   Zero   RW        24998    .bss.error_hook     BUILD/NUCLEO_F401RE/ARMC6/mbed-os/platform/mbed_error.o
    0x200036fc   0x00000001   Zero   RW        24994    .bss.error_in_progress  BUILD/NUCLEO_F401RE/ARMC6/mbed-os/platform/mbed_error.o
    0x200036fd   0x00000003   PAD
    0x20003700   0x00000040   Zero   RW        24475    .bss.events         BUILD/NUCLEO_F401RE/ARMC6/mbed-os/hal/mbed_lp_ticker_api.o
    0x20003740   0x00000040   Zero   RW        24582    .bss.events         BUILD/NUCLEO_F401RE/ARMC6/mbed-os/hal/mbed_us_ticker_api.o
    0x20003780   0x00000054   Zero   RW        24815    .bss.fault_context  BUILD/NUCLEO_F401RE/ARMC6/mbed-os/platform/TARGET_CORTEX_M/mbed_fault_handler.o
    0x200037d4   0x00000034   Zero   RW        24996    .bss.first_error_ctx  BUILD/NUCLEO_F401RE/ARMC6/mbed-os/platform/mbed_error.o
    0x20003808   0x00000001   Zero   RW        24999    .bss.halt_in_progress  BUILD/NUCLEO_F401RE/ARMC6/mbed-os/platform/mbed_error.o
    0x20003809   0x00000003   PAD
    0x2000380c   0x0000001c   Zero   RW         6102    .bss.hciCb          BUILD/NUCLEO_F401RE/ARMC6/mbed-os/features/FEATURE_BLE/targets/TARGET_CORDIO/stack/ble-host/sources/stack/hci/hci_main.o
    0x20003828   0x0000001c   Zero   RW         4477    .bss.hciCmdCb       BUILD/NUCLEO_F401RE/ARMC6/mbed-os/features/FEATURE_BLE/targets/TARGET_CORDIO/stack/ble-host/sources/hci/dual_chip/hci_cmd.o
    0x20003844   0x00000094   Zero   RW         4346    .bss.hciCoreCb      BUILD/NUCLEO_F401RE/ARMC6/mbed-os/features/FEATURE_BLE/targets/TARGET_CORDIO/stack/ble-host/sources/hci/common/hci_core.o
    0x200038d8   0x00000018   Zero   RW         4732    .bss.hciEvtStats    BUILD/NUCLEO_F401RE/ARMC6/mbed-os/features/FEATURE_BLE/targets/TARGET_CORDIO/stack/ble-host/sources/hci/dual_chip/hci_evt.o
    0x200038f0   0x00000004   Zero   RW         6992    .bss.hciTrSerialRxIncoming.hdrRx  BUILD/NUCLEO_F401RE/ARMC6/mbed-os/features/FEATURE_BLE/targets/TARGET_CORDIO/stack_adaptation/hci_tr.o
    0x200038f4   0x00000002   Zero   RW         6991    .bss.hciTrSerialRxIncoming.iRx  BUILD/NUCLEO_F401RE/ARMC6/mbed-os/features/FEATURE_BLE/targets/TARGET_CORDIO/stack_adaptation/hci_tr.o
    0x200038f6   0x00000002   PAD
    0x200038f8   0x00000004   Zero   RW         6994    .bss.hciTrSerialRxIncoming.pDataRx  BUILD/NUCLEO_F401RE/ARMC6/mbed-os/features/FEATURE_BLE/targets/TARGET_CORDIO/stack_adaptation/hci_tr.o
    0x200038fc   0x00000004   Zero   RW         6993    .bss.hciTrSerialRxIncoming.pPktRx  BUILD/NUCLEO_F401RE/ARMC6/mbed-os/features/FEATURE_BLE/targets/TARGET_CORDIO/stack_adaptation/hci_tr.o
    0x20003900   0x00000001   Zero   RW         6990    .bss.hciTrSerialRxIncoming.pktIndRx  BUILD/NUCLEO_F401RE/ARMC6/mbed-os/features/FEATURE_BLE/targets/TARGET_CORDIO/stack_adaptation/hci_tr.o
    0x20003901   0x00000001   Zero   RW         6989    .bss.hciTrSerialRxIncoming.stateRx  BUILD/NUCLEO_F401RE/ARMC6/mbed-os/features/FEATURE_BLE/targets/TARGET_CORDIO/stack_adaptation/hci_tr.o
    0x20003902   0x00000002   PAD
    0x20003904   0x00000014   Zero   RW        28559    .bss.i2c_handles    BUILD/NUCLEO_F401RE/ARMC6/mbed-os/targets/TARGET_STM/i2c_api.o
    0x20003918   0x00000001   Zero   RW        29909    .bss.initFlag       BUILD/NUCLEO_F401RE/ARMC6/source/main.o
    0x20003919   0x00000003   PAD
    0x2000391c   0x00000004   Zero   RW        28466    .bss.irq_handler    BUILD/NUCLEO_F401RE/ARMC6/mbed-os/targets/TARGET_STM/gpio_irq_api.o
    0x20003920   0x00000004   Zero   RW        28671    .bss.irq_handler    BUILD/NUCLEO_F401RE/ARMC6/mbed-os/targets/TARGET_STM/rtc_api.o
    0x20003924   0x00000028   Zero   RW         6196    .bss.l2cCb          BUILD/NUCLEO_F401RE/ARMC6/mbed-os/features/FEATURE_BLE/targets/TARGET_CORDIO/stack/ble-host/sources/stack/l2c/l2c_main.o
    0x2000394c   0x00000018   Zero   RW         6219    .bss.l2cSlaveCb     BUILD/NUCLEO_F401RE/ARMC6/mbed-os/features/FEATURE_BLE/targets/TARGET_CORDIO/stack/ble-host/sources/stack/l2c/l2c_slave.o
    0x20003964   0x00000034   Zero   RW        24995    .bss.last_error_ctx  BUILD/NUCLEO_F401RE/ARMC6/mbed-os/platform/mbed_error.o
    0x20003998   0x00000060   Zero   RW         6022    .bss.localEccKey    BUILD/NUCLEO_F401RE/ARMC6/mbed-os/features/FEATURE_BLE/targets/TARGET_CORDIO/stack/ble-host/sources/stack/dm/dm_sec_lesc.o
    0x200039f8   0x00000001   Zero   RW        28670    .bss.lp_Fired       BUILD/NUCLEO_F401RE/ARMC6/mbed-os/targets/TARGET_STM/rtc_api.o
    0x200039f9   0x00000003   PAD
    0x200039fc   0x00000004   Zero   RW        25222    .bss.mbed_heap_size  BUILD/NUCLEO_F401RE/ARMC6/mbed-os/platform/mbed_retarget.o
    0x20003a00   0x00000004   Zero   RW        25221    .bss.mbed_heap_start  BUILD/NUCLEO_F401RE/ARMC6/mbed-os/platform/mbed_retarget.o
    0x20003a04   0x00000004   Zero   RW        28584    .bss.mbed_sdk_inited  BUILD/NUCLEO_F401RE/ARMC6/mbed-os/targets/TARGET_STM/mbed_overrides.o
    0x20003a08   0x00000004   Zero   RW        25478    .bss.mbed_stack_isr_size  BUILD/NUCLEO_F401RE/ARMC6/mbed-os/rtos/TARGET_CORTEX/mbed_boot.o
    0x20003a0c   0x00000004   Zero   RW        25477    .bss.mbed_stack_isr_start  BUILD/NUCLEO_F401RE/ARMC6/mbed-os/rtos/TARGET_CORTEX/mbed_boot.o
    0x20003a10   0x00000040   Zero   RW        25721    .bss.os             BUILD/NUCLEO_F401RE/ARMC6/mbed-os/rtos/TARGET_CORTEX/rtx5/RTX/Source/rtx_lib.o
    0x20003a50   0x000001f0   Zero   RW        25461    .bss.os.libspace    BUILD/NUCLEO_F401RE/ARMC6/mbed-os/rtos/TARGET_CORTEX/TOOLCHAIN_ARM_STD/mbed_boot_arm_std.o
    0x20003c40   0x00000034   Zero   RW        25731    .bss.os.msgqueue.cb  BUILD/NUCLEO_F401RE/ARMC6/mbed-os/rtos/TARGET_CORTEX/rtx5/RTX/Source/rtx_lib.o
    0x20003c74   0x00000050   Zero   RW        25732    .bss.os.msgqueue.mem  BUILD/NUCLEO_F401RE/ARMC6/mbed-os/rtos/TARGET_CORTEX/rtx5/RTX/Source/rtx_lib.o
    0x20003cc4   0x00000044   Zero   RW        25489    .bss.os.thread.cb   BUILD/NUCLEO_F401RE/ARMC6/mbed-os/rtos/TARGET_CORTEX/mbed_rtos_rtx.o
    0x20003d08   0x00000088   Zero   RW        25729    .bss.os.thread.cb   BUILD/NUCLEO_F401RE/ARMC6/mbed-os/rtos/TARGET_CORTEX/rtx5/RTX/Source/rtx_lib.o
    0x20003d90   0x00000500   Zero   RW        25730    .bss.os.thread.stack  BUILD/NUCLEO_F401RE/ARMC6/mbed-os/rtos/TARGET_CORTEX/rtx5/RTX/Source/rtx_lib.o
    0x20004290   0x00000001   Zero   RW        25464    .bss.os_kernel_is_active.os_kernel_active  BUILD/NUCLEO_F401RE/ARMC6/mbed-os/rtos/TARGET_CORTEX/TOOLCHAIN_ARM_STD/mbed_boot_arm_std.o
    0x20004291   0x00000003   PAD
    0x20004294   0x0000000c   Zero   RW         5112    .bss.pAttcSignCb    BUILD/NUCLEO_F401RE/ARMC6/mbed-os/features/FEATURE_BLE/targets/TARGET_CORDIO/stack/ble-host/sources/stack/att/attc_sign.o
    0x200042a0   0x00000050   Zero   RW         4795    .bss.secCb          BUILD/NUCLEO_F401RE/ARMC6/mbed-os/features/FEATURE_BLE/targets/TARGET_CORDIO/stack/ble-host/sources/sec/common/sec_main.o
    0x200042f0   0x00000001   Zero   RW        29911    .bss.sensorFlag     BUILD/NUCLEO_F401RE/ARMC6/source/main.o
    0x200042f1   0x00000003   PAD
    0x200042f4   0x00000010   Zero   RW        25485    .bss.singleton_mutex_attr  BUILD/NUCLEO_F401RE/ARMC6/mbed-os/rtos/TARGET_CORTEX/mbed_rtos_rtx.o
    0x20004304   0x00000004   Zero   RW        25490    .bss.singleton_mutex_id  BUILD/NUCLEO_F401RE/ARMC6/mbed-os/rtos/TARGET_CORTEX/mbed_rtos_rtx.o
    0x20004308   0x0000001c   Zero   RW        25486    .bss.singleton_mutex_obj  BUILD/NUCLEO_F401RE/ARMC6/mbed-os/rtos/TARGET_CORTEX/mbed_rtos_rtx.o
    0x20004324   0x000000f0   Zero   RW         6334    .bss.smpCb          BUILD/NUCLEO_F401RE/ARMC6/mbed-os/features/FEATURE_BLE/targets/TARGET_CORDIO/stack/ble-host/sources/stack/smp/smp_main.o
    0x20004414   0x00000058   Zero   RW         6292    .bss.smpDbCb        BUILD/NUCLEO_F401RE/ARMC6/mbed-os/features/FEATURE_BLE/targets/TARGET_CORDIO/stack/ble-host/sources/stack/smp/smp_db.o
    0x2000446c   0x00000001   Zero   RW         2111    .bss.stack_handler_id  BUILD/NUCLEO_F401RE/ARMC6/mbed-os/features/FEATURE_BLE/targets/TARGET_CORDIO/source/CordioBLE.o
    0x2000446d   0x00000001   Zero   RW        24445    .bss.state_saved    BUILD/NUCLEO_F401RE/ARMC6/mbed-os/hal/mbed_critical_section_api.o
    0x2000446e   0x00000002   PAD
    0x20004470   0x0000004c   Zero   RW        28708    .bss.stdio_uart     BUILD/NUCLEO_F401RE/ARMC6/mbed-os/targets/TARGET_STM/serial_api.o
    0x200044bc   0x00000004   Zero   RW        28706    .bss.stdio_uart_inited  BUILD/NUCLEO_F401RE/ARMC6/mbed-os/targets/TARGET_STM/serial_api.o
    0x200044c0   0x00000004   Zero   RW        25523    .bss.terminate_hook  BUILD/NUCLEO_F401RE/ARMC6/mbed-os/rtos/TARGET_CORTEX/mbed_rtx_handlers.o
    0x200044c4   0x00000004   Zero   RW        28800    .bss.timer_ccr1_reg  BUILD/NUCLEO_F401RE/ARMC6/mbed-os/targets/TARGET_STM/us_ticker.o
    0x200044c8   0x00000004   Zero   RW        28799    .bss.timer_cnt_reg  BUILD/NUCLEO_F401RE/ARMC6/mbed-os/targets/TARGET_STM/us_ticker.o
    0x200044cc   0x00000004   Zero   RW        28801    .bss.timer_dier_reg  BUILD/NUCLEO_F401RE/ARMC6/mbed-os/targets/TARGET_STM/us_ticker.o
    0x200044d0   0x000000c0   Zero   RW        28411    .bss.uart_handlers  BUILD/NUCLEO_F401RE/ARMC6/mbed-os/targets/TARGET_STM/TARGET_STM32F4/serial_device.o
    0x20004590   0x00000040   Zero   RW        29910    .bss.updateSensors  BUILD/NUCLEO_F401RE/ARMC6/source/main.o
    0x200045d0   0x00000050   Zero   RW        29902    .bss.uuid_list      BUILD/NUCLEO_F401RE/ARMC6/source/main.o
    0x20004620   0x00000004   Zero   RW         6726    .bss.wsfBufMem      BUILD/NUCLEO_F401RE/ARMC6/mbed-os/features/FEATURE_BLE/targets/TARGET_CORDIO/stack/wsf/sources/port/baremetal/wsf_buf.o
    0x20004624   0x00000004   Zero   RW         6728    .bss.wsfBufMemLen   BUILD/NUCLEO_F401RE/ARMC6/mbed-os/features/FEATURE_BLE/targets/TARGET_CORDIO/stack/wsf/sources/port/baremetal/wsf_buf.o
    0x20004628   0x00000001   Zero   RW         6727    .bss.wsfBufNumPools  BUILD/NUCLEO_F401RE/ARMC6/mbed-os/features/FEATURE_BLE/targets/TARGET_CORDIO/stack/wsf/sources/port/baremetal/wsf_buf.o
    0x20004629   0x00000003   PAD
    0x2000462c   0x0000006c   Zero   RW         7087    .bss.wsfOs          BUILD/NUCLEO_F401RE/ARMC6/mbed-os/features/FEATURE_BLE/targets/TARGET_CORDIO/stack_adaptation/wsf_os.o
    0x20004698   0x00000004   Zero   RW         6867    .bss.wsfTimerRtcLastTicks  BUILD/NUCLEO_F401RE/ARMC6/mbed-os/features/FEATURE_BLE/targets/TARGET_CORDIO/stack/wsf/sources/port/baremetal/wsf_timer.o
    0x2000469c   0x00000004   Zero   RW         6868    .bss.wsfTimerRtcRemainder  BUILD/NUCLEO_F401RE/ARMC6/mbed-os/features/FEATURE_BLE/targets/TARGET_CORDIO/stack/wsf/sources/port/baremetal/wsf_timer.o
    0x200046a0   0x00000008   Zero   RW         6866    .bss.wsfTimerTimerQueue  BUILD/NUCLEO_F401RE/ARMC6/mbed-os/features/FEATURE_BLE/targets/TARGET_CORDIO/stack/wsf/sources/port/baremetal/wsf_timer.o


    Execution Region ARM_LIB_STACK (Base: 0x20017c00, Size: 0x00000400, Max: 0x00000400, ABSOLUTE)

    Base Addr    Size         Type   Attr      Idx    E Section Name        Object

    0x20017c00   0x00000400   Zero   RW            1    ARM_LIB_STACK.bss   anon$$obj.o


==============================================================================

Image component sizes


      Code (inc. data)   RO Data    RW Data    ZI Data      Debug   

    121450       3742       8537        472      17868      94268   Object Totals
         0          0         32          0       1024          0   (incl. Generated)
       320          0         18          0         64          0   (incl. Padding)
     11606        530        555         16        348       8748   Library Totals
        26          0          3          0          0          0   (incl. Padding)

==============================================================================


      Code (inc. data)   RO Data    RW Data    ZI Data      Debug   

    133056       4272       9092        488      18216      94416   Grand Totals
    133056       4272       9092        144      18216      94416   ELF Image Totals (compressed)
    133056       4272       9092        144          0          0   ROM Totals

==============================================================================

    Total RO  Size (Code + RO Data)               142148 ( 138.82kB)
    Total RW  Size (RW Data + ZI Data)             18704 (  18.27kB)
    Total ROM Size (Code + RO Data + RW Data)     142292 ( 138.96kB)

==============================================================================

